PQC_LOG node=7 STATUS=START topo=star hop=1
PQC_LOG node=6 STATUS=START topo=star hop=1
PQC_LOG node=7 hop=1 topo=star payload=100 algo=KYBER512 type=KEM op=KEYGEN cycles=1700000 time_us=53125 energy_uj=3506
PQC_LOG node=6 hop=1 topo=star payload=100 algo=KYBER512 type=KEM op=KEYGEN cycles=1700000 time_us=53125 energy_uj=3506
PQC_LOG node=3 STATUS=START topo=star hop=1
PQC_LOG node=7 hop=1 topo=star payload=100 algo=KYBER512 type=KEM op=ENCAP_SIGN cycles=1900000 time_us=59375 energy_uj=3918
PQC_LOG node=9 STATUS=START topo=star hop=1
PQC_LOG node=6 hop=1 topo=star payload=100 algo=KYBER512 type=KEM op=ENCAP_SIGN cycles=1900000 time_us=59375 energy_uj=3918
PQC_LOG node=3 hop=1 topo=star payload=100 algo=KYBER512 type=KEM op=KEYGEN cycles=1700000 time_us=53125 energy_uj=3506
PQC_LOG node=7 hop=1 topo=star payload=100 algo=KYBER512 type=KEM op=DECAP_VERIFY cycles=2000000 time_us=62500 energy_uj=4125
PQC_LOG node=9 hop=1 topo=star payload=100 algo=KYBER512 type=KEM op=KEYGEN cycles=1700000 time_us=53125 energy_uj=3506
PQC_LOG node=6 hop=1 topo=star payload=100 algo=KYBER512 type=KEM op=DECAP_VERIFY cycles=2000000 time_us=62500 energy_uj=4125
PQC_LOG node=2 STATUS=START topo=star hop=1
PQC_LOG node=3 hop=1 topo=star payload=100 algo=KYBER512 type=KEM op=ENCAP_SIGN cycles=1900000 time_us=59375 energy_uj=3918
PQC_LOG node=7 hop=1 topo=star payload=100 algo=KYBER768 type=KEM op=KEYGEN cycles=2600000 time_us=81250 energy_uj=5362
PQC_LOG root started
PQC_LOG node=9 hop=1 topo=star payload=100 algo=KYBER512 type=KEM op=ENCAP_SIGN cycles=1900000 time_us=59375 energy_uj=3918
PQC_LOG node=6 hop=1 topo=star payload=100 algo=KYBER768 type=KEM op=KEYGEN cycles=2600000 time_us=81250 energy_uj=5362
PQC_LOG node=2 hop=1 topo=star payload=100 algo=KYBER512 type=KEM op=KEYGEN cycles=1700000 time_us=53125 energy_uj=3506
PQC_LOG node=3 hop=1 topo=star payload=100 algo=KYBER512 type=KEM op=DECAP_VERIFY cycles=2000000 time_us=62500 energy_uj=4125
PQC_LOG node=7 hop=1 topo=star payload=100 algo=KYBER768 type=KEM op=ENCAP_SIGN cycles=2900000 time_us=90625 energy_uj=5981
PQC_LOG node=9 hop=1 topo=star payload=100 algo=KYBER512 type=KEM op=DECAP_VERIFY cycles=2000000 time_us=62500 energy_uj=4125
PQC_LOG node=6 hop=1 topo=star payload=100 algo=KYBER768 type=KEM op=ENCAP_SIGN cycles=2900000 time_us=90625 energy_uj=5981
PQC_LOG node=2 hop=1 topo=star payload=100 algo=KYBER512 type=KEM op=ENCAP_SIGN cycles=1900000 time_us=59375 energy_uj=3918
PQC_LOG node=3 hop=1 topo=star payload=100 algo=KYBER768 type=KEM op=KEYGEN cycles=2600000 time_us=81250 energy_uj=5362
PQC_LOG node=7 hop=1 topo=star payload=100 algo=KYBER768 type=KEM op=DECAP_VERIFY cycles=3100000 time_us=96875 energy_uj=6393
PQC_LOG node=9 hop=1 topo=star payload=100 algo=KYBER768 type=KEM op=KEYGEN cycles=2600000 time_us=81250 energy_uj=5362
PQC_LOG node=6 hop=1 topo=star payload=100 algo=KYBER768 type=KEM op=DECAP_VERIFY cycles=3100000 time_us=96875 energy_uj=6393
PQC_LOG node=2 hop=1 topo=star payload=100 algo=KYBER512 type=KEM op=DECAP_VERIFY cycles=2000000 time_us=62500 energy_uj=4125
PQC_LOG node=3 hop=1 topo=star payload=100 algo=KYBER768 type=KEM op=ENCAP_SIGN cycles=2900000 time_us=90625 energy_uj=5981
PQC_LOG node=7 hop=1 topo=star payload=100 algo=KYBER1024 type=KEM op=KEYGEN cycles=3700000 time_us=115625 energy_uj=7631
PQC_LOG node=9 hop=1 topo=star payload=100 algo=KYBER768 type=KEM op=ENCAP_SIGN cycles=2900000 time_us=90625 energy_uj=5981
PQC_LOG node=6 hop=1 topo=star payload=100 algo=KYBER1024 type=KEM op=KEYGEN cycles=3700000 time_us=115625 energy_uj=7631
PQC_LOG node=2 hop=1 topo=star payload=100 algo=KYBER768 type=KEM op=KEYGEN cycles=2600000 time_us=81250 energy_uj=5362
PQC_LOG node=8 STATUS=START topo=star hop=1
PQC_LOG node=3 hop=1 topo=star payload=100 algo=KYBER768 type=KEM op=DECAP_VERIFY cycles=3100000 time_us=96875 energy_uj=6393
PQC_LOG node=7 hop=1 topo=star payload=100 algo=KYBER1024 type=KEM op=ENCAP_SIGN cycles=4100000 time_us=128125 energy_uj=8456
PQC_LOG node=9 hop=1 topo=star payload=100 algo=KYBER768 type=KEM op=DECAP_VERIFY cycles=3100000 time_us=96875 energy_uj=6393
PQC_LOG node=6 hop=1 topo=star payload=100 algo=KYBER1024 type=KEM op=ENCAP_SIGN cycles=4100000 time_us=128125 energy_uj=8456
PQC_LOG node=2 hop=1 topo=star payload=100 algo=KYBER768 type=KEM op=ENCAP_SIGN cycles=2900000 time_us=90625 energy_uj=5981
PQC_LOG node=8 hop=1 topo=star payload=100 algo=KYBER512 type=KEM op=KEYGEN cycles=1700000 time_us=53125 energy_uj=3506
PQC_LOG node=3 hop=1 topo=star payload=100 algo=KYBER1024 type=KEM op=KEYGEN cycles=3700000 time_us=115625 energy_uj=7631
PQC_LOG node=7 hop=1 topo=star payload=100 algo=KYBER1024 type=KEM op=DECAP_VERIFY cycles=4400000 time_us=137500 energy_uj=9075
PQC_LOG node=4 STATUS=START topo=star hop=1
PQC_LOG node=9 hop=1 topo=star payload=100 algo=KYBER1024 type=KEM op=KEYGEN cycles=3700000 time_us=115625 energy_uj=7631
PQC_LOG node=5 STATUS=START topo=star hop=1
PQC_LOG node=6 hop=1 topo=star payload=100 algo=KYBER1024 type=KEM op=DECAP_VERIFY cycles=4400000 time_us=137500 energy_uj=9075
PQC_LOG node=2 hop=1 topo=star payload=100 algo=KYBER768 type=KEM op=DECAP_VERIFY cycles=3100000 time_us=96875 energy_uj=6393
PQC_LOG node=8 hop=1 topo=star payload=100 algo=KYBER512 type=KEM op=ENCAP_SIGN cycles=1900000 time_us=59375 energy_uj=3918
PQC_LOG node=3 hop=1 topo=star payload=100 algo=KYBER1024 type=KEM op=ENCAP_SIGN cycles=4100000 time_us=128125 energy_uj=8456
PQC_LOG node=7 hop=1 topo=star payload=100 algo=DILITHIUM2 type=SIG op=KEYGEN cycles=2200000 time_us=68750 energy_uj=4537
PQC_LOG node=4 hop=1 topo=star payload=100 algo=KYBER512 type=KEM op=KEYGEN cycles=1700000 time_us=53125 energy_uj=3506
PQC_LOG node=9 hop=1 topo=star payload=100 algo=KYBER1024 type=KEM op=ENCAP_SIGN cycles=4100000 time_us=128125 energy_uj=8456
PQC_LOG node=5 hop=1 topo=star payload=100 algo=KYBER512 type=KEM op=KEYGEN cycles=1700000 time_us=53125 energy_uj=3506
PQC_LOG node=6 hop=1 topo=star payload=100 algo=DILITHIUM2 type=SIG op=KEYGEN cycles=2200000 time_us=68750 energy_uj=4537
PQC_LOG node=2 hop=1 topo=star payload=100 algo=KYBER1024 type=KEM op=KEYGEN cycles=3700000 time_us=115625 energy_uj=7631
PQC_LOG node=8 hop=1 topo=star payload=100 algo=KYBER512 type=KEM op=DECAP_VERIFY cycles=2000000 time_us=62500 energy_uj=4125
PQC_LOG node=3 hop=1 topo=star payload=100 algo=KYBER1024 type=KEM op=DECAP_VERIFY cycles=4400000 time_us=137500 energy_uj=9075
PQC_LOG node=7 hop=1 topo=star payload=100 algo=DILITHIUM2 type=SIG op=ENCAP_SIGN cycles=4900000 time_us=153125 energy_uj=10106
PQC_LOG node=4 hop=1 topo=star payload=100 algo=KYBER512 type=KEM op=ENCAP_SIGN cycles=1900000 time_us=59375 energy_uj=3918
PQC_LOG node=9 hop=1 topo=star payload=100 algo=KYBER1024 type=KEM op=DECAP_VERIFY cycles=4400000 time_us=137500 energy_uj=9075
PQC_LOG node=5 hop=1 topo=star payload=100 algo=KYBER512 type=KEM op=ENCAP_SIGN cycles=1900000 time_us=59375 energy_uj=3918
PQC_LOG node=6 hop=1 topo=star payload=100 algo=DILITHIUM2 type=SIG op=ENCAP_SIGN cycles=4900000 time_us=153125 energy_uj=10106
PQC_LOG node=2 hop=1 topo=star payload=100 algo=KYBER1024 type=KEM op=ENCAP_SIGN cycles=4100000 time_us=128125 energy_uj=8456
PQC_LOG node=8 hop=1 topo=star payload=100 algo=KYBER768 type=KEM op=KEYGEN cycles=2600000 time_us=81250 energy_uj=5362
PQC_LOG node=3 hop=1 topo=star payload=100 algo=DILITHIUM2 type=SIG op=KEYGEN cycles=2200000 time_us=68750 energy_uj=4537
PQC_LOG node=7 hop=1 topo=star payload=100 algo=DILITHIUM2 type=SIG op=DECAP_VERIFY cycles=2300000 time_us=71875 energy_uj=4743
PQC_LOG node=4 hop=1 topo=star payload=100 algo=KYBER512 type=KEM op=DECAP_VERIFY cycles=2000000 time_us=62500 energy_uj=4125
PQC_LOG node=9 hop=1 topo=star payload=100 algo=DILITHIUM2 type=SIG op=KEYGEN cycles=2200000 time_us=68750 energy_uj=4537
PQC_LOG node=5 hop=1 topo=star payload=100 algo=KYBER512 type=KEM op=DECAP_VERIFY cycles=2000000 time_us=62500 energy_uj=4125
PQC_LOG node=6 hop=1 topo=star payload=100 algo=DILITHIUM2 type=SIG op=DECAP_VERIFY cycles=2300000 time_us=71875 energy_uj=4743
PQC_LOG node=2 hop=1 topo=star payload=100 algo=KYBER1024 type=KEM op=DECAP_VERIFY cycles=4400000 time_us=137500 energy_uj=9075
PQC_LOG node=8 hop=1 topo=star payload=100 algo=KYBER768 type=KEM op=ENCAP_SIGN cycles=2900000 time_us=90625 energy_uj=5981
PQC_LOG node=3 hop=1 topo=star payload=100 algo=DILITHIUM2 type=SIG op=ENCAP_SIGN cycles=4900000 time_us=153125 energy_uj=10106
PQC_LOG node=7 hop=1 topo=star payload=100 algo=DILITHIUM3 type=SIG op=KEYGEN cycles=3500000 time_us=109375 energy_uj=7218
PQC_LOG node=4 hop=1 topo=star payload=100 algo=KYBER768 type=KEM op=KEYGEN cycles=2600000 time_us=81250 energy_uj=5362
PQC_LOG node=9 hop=1 topo=star payload=100 algo=DILITHIUM2 type=SIG op=ENCAP_SIGN cycles=4900000 time_us=153125 energy_uj=10106
PQC_LOG node=5 hop=1 topo=star payload=100 algo=KYBER768 type=KEM op=KEYGEN cycles=2600000 time_us=81250 energy_uj=5362
PQC_LOG node=6 hop=1 topo=star payload=100 algo=DILITHIUM3 type=SIG op=KEYGEN cycles=3500000 time_us=109375 energy_uj=7218
PQC_LOG node=2 hop=1 topo=star payload=100 algo=DILITHIUM2 type=SIG op=KEYGEN cycles=2200000 time_us=68750 energy_uj=4537
PQC_LOG node=8 hop=1 topo=star payload=100 algo=KYBER768 type=KEM op=DECAP_VERIFY cycles=3100000 time_us=96875 energy_uj=6393
PQC_LOG node=3 hop=1 topo=star payload=100 algo=DILITHIUM2 type=SIG op=DECAP_VERIFY cycles=2300000 time_us=71875 energy_uj=4743
PQC_LOG node=7 hop=1 topo=star payload=100 algo=DILITHIUM3 type=SIG op=ENCAP_SIGN cycles=7800000 time_us=243750 energy_uj=16087
PQC_LOG node=4 hop=1 topo=star payload=100 algo=KYBER768 type=KEM op=ENCAP_SIGN cycles=2900000 time_us=90625 energy_uj=5981
PQC_LOG node=9 hop=1 topo=star payload=100 algo=DILITHIUM2 type=SIG op=DECAP_VERIFY cycles=2300000 time_us=71875 energy_uj=4743
PQC_LOG node=5 hop=1 topo=star payload=100 algo=KYBER768 type=KEM op=ENCAP_SIGN cycles=2900000 time_us=90625 energy_uj=5981
PQC_LOG node=6 hop=1 topo=star payload=100 algo=DILITHIUM3 type=SIG op=ENCAP_SIGN cycles=7800000 time_us=243750 energy_uj=16087
PQC_LOG node=2 hop=1 topo=star payload=100 algo=DILITHIUM2 type=SIG op=ENCAP_SIGN cycles=4900000 time_us=153125 energy_uj=10106
PQC_LOG node=8 hop=1 topo=star payload=100 algo=KYBER1024 type=KEM op=KEYGEN cycles=3700000 time_us=115625 energy_uj=7631
PQC_LOG node=3 hop=1 topo=star payload=100 algo=DILITHIUM3 type=SIG op=KEYGEN cycles=3500000 time_us=109375 energy_uj=7218
PQC_LOG node=7 hop=1 topo=star payload=100 algo=DILITHIUM3 type=SIG op=DECAP_VERIFY cycles=3700000 time_us=115625 energy_uj=7631
PQC_LOG node=4 hop=1 topo=star payload=100 algo=KYBER768 type=KEM op=DECAP_VERIFY cycles=3100000 time_us=96875 energy_uj=6393
PQC_LOG node=9 hop=1 topo=star payload=100 algo=DILITHIUM3 type=SIG op=KEYGEN cycles=3500000 time_us=109375 energy_uj=7218
PQC_LOG node=5 hop=1 topo=star payload=100 algo=KYBER768 type=KEM op=DECAP_VERIFY cycles=3100000 time_us=96875 energy_uj=6393
PQC_LOG node=6 hop=1 topo=star payload=100 algo=DILITHIUM3 type=SIG op=DECAP_VERIFY cycles=3700000 time_us=115625 energy_uj=7631
PQC_LOG node=2 hop=1 topo=star payload=100 algo=DILITHIUM2 type=SIG op=DECAP_VERIFY cycles=2300000 time_us=71875 energy_uj=4743
PQC_LOG node=8 hop=1 topo=star payload=100 algo=KYBER1024 type=KEM op=ENCAP_SIGN cycles=4100000 time_us=128125 energy_uj=8456
PQC_LOG node=3 hop=1 topo=star payload=100 algo=DILITHIUM3 type=SIG op=ENCAP_SIGN cycles=7800000 time_us=243750 energy_uj=16087
PQC_LOG node=7 hop=1 topo=star payload=100 algo=DILITHIUM5 type=SIG op=KEYGEN cycles=5000000 time_us=156250 energy_uj=10312
PQC_LOG node=4 hop=1 topo=star payload=100 algo=KYBER1024 type=KEM op=KEYGEN cycles=3700000 time_us=115625 energy_uj=7631
PQC_LOG node=9 hop=1 topo=star payload=100 algo=DILITHIUM3 type=SIG op=ENCAP_SIGN cycles=7800000 time_us=243750 energy_uj=16087
PQC_LOG node=5 hop=1 topo=star payload=100 algo=KYBER1024 type=KEM op=KEYGEN cycles=3700000 time_us=115625 energy_uj=7631
PQC_LOG node=6 hop=1 topo=star payload=100 algo=DILITHIUM5 type=SIG op=KEYGEN cycles=5000000 time_us=156250 energy_uj=10312
PQC_LOG node=2 hop=1 topo=star payload=100 algo=DILITHIUM3 type=SIG op=KEYGEN cycles=3500000 time_us=109375 energy_uj=7218
PQC_LOG node=8 hop=1 topo=star payload=100 algo=KYBER1024 type=KEM op=DECAP_VERIFY cycles=4400000 time_us=137500 energy_uj=9075
PQC_LOG node=3 hop=1 topo=star payload=100 algo=DILITHIUM3 type=SIG op=DECAP_VERIFY cycles=3700000 time_us=115625 energy_uj=7631
PQC_LOG node=7 hop=1 topo=star payload=100 algo=DILITHIUM5 type=SIG op=ENCAP_SIGN cycles=11000000 time_us=343750 energy_uj=22687
PQC_LOG node=4 hop=1 topo=star payload=100 algo=KYBER1024 type=KEM op=ENCAP_SIGN cycles=4100000 time_us=128125 energy_uj=8456
PQC_LOG node=9 hop=1 topo=star payload=100 algo=DILITHIUM3 type=SIG op=DECAP_VERIFY cycles=3700000 time_us=115625 energy_uj=7631
PQC_LOG node=5 hop=1 topo=star payload=100 algo=KYBER1024 type=KEM op=ENCAP_SIGN cycles=4100000 time_us=128125 energy_uj=8456
PQC_LOG node=6 hop=1 topo=star payload=100 algo=DILITHIUM5 type=SIG op=ENCAP_SIGN cycles=11000000 time_us=343750 energy_uj=22687
PQC_LOG node=2 hop=1 topo=star payload=100 algo=DILITHIUM3 type=SIG op=ENCAP_SIGN cycles=7800000 time_us=243750 energy_uj=16087
PQC_LOG node=8 hop=1 topo=star payload=100 algo=DILITHIUM2 type=SIG op=KEYGEN cycles=2200000 time_us=68750 energy_uj=4537
PQC_LOG node=3 hop=1 topo=star payload=100 algo=DILITHIUM5 type=SIG op=KEYGEN cycles=5000000 time_us=156250 energy_uj=10312
PQC_LOG node=7 hop=1 topo=star payload=100 algo=DILITHIUM5 type=SIG op=DECAP_VERIFY cycles=5300000 time_us=165625 energy_uj=10931
PQC_LOG node=4 hop=1 topo=star payload=100 algo=KYBER1024 type=KEM op=DECAP_VERIFY cycles=4400000 time_us=137500 energy_uj=9075
PQC_LOG node=9 hop=1 topo=star payload=100 algo=DILITHIUM5 type=SIG op=KEYGEN cycles=5000000 time_us=156250 energy_uj=10312
PQC_LOG node=5 hop=1 topo=star payload=100 algo=KYBER1024 type=KEM op=DECAP_VERIFY cycles=4400000 time_us=137500 energy_uj=9075
PQC_LOG node=6 hop=1 topo=star payload=100 algo=DILITHIUM5 type=SIG op=DECAP_VERIFY cycles=5300000 time_us=165625 energy_uj=10931
PQC_LOG node=2 hop=1 topo=star payload=100 algo=DILITHIUM3 type=SIG op=DECAP_VERIFY cycles=3700000 time_us=115625 energy_uj=7631
PQC_LOG node=8 hop=1 topo=star payload=100 algo=DILITHIUM2 type=SIG op=ENCAP_SIGN cycles=4900000 time_us=153125 energy_uj=10106
PQC_LOG node=3 hop=1 topo=star payload=100 algo=DILITHIUM5 type=SIG op=ENCAP_SIGN cycles=11000000 time_us=343750 energy_uj=22687
PQC_LOG node=7 hop=1 topo=star payload=100 algo=FALCON512 type=SIG op=KEYGEN cycles=10000000 time_us=312500 energy_uj=20625
PQC_LOG node=4 hop=1 topo=star payload=100 algo=DILITHIUM2 type=SIG op=KEYGEN cycles=2200000 time_us=68750 energy_uj=4537
PQC_LOG node=9 hop=1 topo=star payload=100 algo=DILITHIUM5 type=SIG op=ENCAP_SIGN cycles=11000000 time_us=343750 energy_uj=22687
PQC_LOG node=5 hop=1 topo=star payload=100 algo=DILITHIUM2 type=SIG op=KEYGEN cycles=2200000 time_us=68750 energy_uj=4537
PQC_LOG node=6 hop=1 topo=star payload=100 algo=FALCON512 type=SIG op=KEYGEN cycles=10000000 time_us=312500 energy_uj=20625
PQC_LOG node=2 hop=1 topo=star payload=100 algo=DILITHIUM5 type=SIG op=KEYGEN cycles=5000000 time_us=156250 energy_uj=10312
PQC_LOG node=8 hop=1 topo=star payload=100 algo=DILITHIUM2 type=SIG op=DECAP_VERIFY cycles=2300000 time_us=71875 energy_uj=4743
PQC_LOG node=3 hop=1 topo=star payload=100 algo=DILITHIUM5 type=SIG op=DECAP_VERIFY cycles=5300000 time_us=165625 energy_uj=10931
PQC_LOG node=7 hop=1 topo=star payload=100 algo=FALCON512 type=SIG op=ENCAP_SIGN cycles=3000000 time_us=93750 energy_uj=6187
PQC_LOG node=4 hop=1 topo=star payload=100 algo=DILITHIUM2 type=SIG op=ENCAP_SIGN cycles=4900000 time_us=153125 energy_uj=10106
PQC_LOG node=9 hop=1 topo=star payload=100 algo=DILITHIUM5 type=SIG op=DECAP_VERIFY cycles=5300000 time_us=165625 energy_uj=10931
PQC_LOG node=5 hop=1 topo=star payload=100 algo=DILITHIUM2 type=SIG op=ENCAP_SIGN cycles=4900000 time_us=153125 energy_uj=10106
PQC_LOG node=6 hop=1 topo=star payload=100 algo=FALCON512 type=SIG op=ENCAP_SIGN cycles=3000000 time_us=93750 energy_uj=6187
PQC_LOG node=2 hop=1 topo=star payload=100 algo=DILITHIUM5 type=SIG op=ENCAP_SIGN cycles=11000000 time_us=343750 energy_uj=22687
PQC_LOG node=8 hop=1 topo=star payload=100 algo=DILITHIUM3 type=SIG op=KEYGEN cycles=3500000 time_us=109375 energy_uj=7218
PQC_LOG node=3 hop=1 topo=star payload=100 algo=FALCON512 type=SIG op=KEYGEN cycles=10000000 time_us=312500 energy_uj=20625
PQC_LOG node=7 hop=1 topo=star payload=100 algo=FALCON512 type=SIG op=DECAP_VERIFY cycles=700000 time_us=21875 energy_uj=1443
PQC_LOG node=4 hop=1 topo=star payload=100 algo=DILITHIUM2 type=SIG op=DECAP_VERIFY cycles=2300000 time_us=71875 energy_uj=4743
PQC_LOG node=9 hop=1 topo=star payload=100 algo=FALCON512 type=SIG op=KEYGEN cycles=10000000 time_us=312500 energy_uj=20625
PQC_LOG node=5 hop=1 topo=star payload=100 algo=DILITHIUM2 type=SIG op=DECAP_VERIFY cycles=2300000 time_us=71875 energy_uj=4743
PQC_LOG node=6 hop=1 topo=star payload=100 algo=FALCON512 type=SIG op=DECAP_VERIFY cycles=700000 time_us=21875 energy_uj=1443
PQC_LOG node=2 hop=1 topo=star payload=100 algo=DILITHIUM5 type=SIG op=DECAP_VERIFY cycles=5300000 time_us=165625 energy_uj=10931
PQC_LOG node=8 hop=1 topo=star payload=100 algo=DILITHIUM3 type=SIG op=ENCAP_SIGN cycles=7800000 time_us=243750 energy_uj=16087
PQC_LOG node=3 hop=1 topo=star payload=100 algo=FALCON512 type=SIG op=ENCAP_SIGN cycles=3000000 time_us=93750 energy_uj=6187
PQC_LOG node=7 hop=1 topo=star payload=100 algo=FALCON1024 type=SIG op=KEYGEN cycles=20000000 time_us=625000 energy_uj=41250
PQC_LOG node=4 hop=1 topo=star payload=100 algo=DILITHIUM3 type=SIG op=KEYGEN cycles=3500000 time_us=109375 energy_uj=7218
PQC_LOG node=9 hop=1 topo=star payload=100 algo=FALCON512 type=SIG op=ENCAP_SIGN cycles=3000000 time_us=93750 energy_uj=6187
PQC_LOG node=5 hop=1 topo=star payload=100 algo=DILITHIUM3 type=SIG op=KEYGEN cycles=3500000 time_us=109375 energy_uj=7218
PQC_LOG node=6 hop=1 topo=star payload=100 algo=FALCON1024 type=SIG op=KEYGEN cycles=20000000 time_us=625000 energy_uj=41250
PQC_LOG node=2 hop=1 topo=star payload=100 algo=FALCON512 type=SIG op=KEYGEN cycles=10000000 time_us=312500 energy_uj=20625
PQC_LOG node=8 hop=1 topo=star payload=100 algo=DILITHIUM3 type=SIG op=DECAP_VERIFY cycles=3700000 time_us=115625 energy_uj=7631
PQC_LOG node=3 hop=1 topo=star payload=100 algo=FALCON512 type=SIG op=DECAP_VERIFY cycles=700000 time_us=21875 energy_uj=1443
PQC_LOG node=7 hop=1 topo=star payload=100 algo=FALCON1024 type=SIG op=ENCAP_SIGN cycles=5800000 time_us=181250 energy_uj=11962
PQC_LOG node=4 hop=1 topo=star payload=100 algo=DILITHIUM3 type=SIG op=ENCAP_SIGN cycles=7800000 time_us=243750 energy_uj=16087
PQC_LOG node=9 hop=1 topo=star payload=100 algo=FALCON512 type=SIG op=DECAP_VERIFY cycles=700000 time_us=21875 energy_uj=1443
PQC_LOG node=5 hop=1 topo=star payload=100 algo=DILITHIUM3 type=SIG op=ENCAP_SIGN cycles=7800000 time_us=243750 energy_uj=16087
PQC_LOG node=6 hop=1 topo=star payload=100 algo=FALCON1024 type=SIG op=ENCAP_SIGN cycles=5800000 time_us=181250 energy_uj=11962
PQC_LOG node=2 hop=1 topo=star payload=100 algo=FALCON512 type=SIG op=ENCAP_SIGN cycles=3000000 time_us=93750 energy_uj=6187
PQC_LOG node=8 hop=1 topo=star payload=100 algo=DILITHIUM5 type=SIG op=KEYGEN cycles=5000000 time_us=156250 energy_uj=10312
PQC_LOG node=3 hop=1 topo=star payload=100 algo=FALCON1024 type=SIG op=KEYGEN cycles=20000000 time_us=625000 energy_uj=41250
PQC_LOG node=7 hop=1 topo=star payload=100 algo=FALCON1024 type=SIG op=DECAP_VERIFY cycles=1300000 time_us=40625 energy_uj=2681
PQC_LOG node=4 hop=1 topo=star payload=100 algo=DILITHIUM3 type=SIG op=DECAP_VERIFY cycles=3700000 time_us=115625 energy_uj=7631
PQC_LOG node=9 hop=1 topo=star payload=100 algo=FALCON1024 type=SIG op=KEYGEN cycles=20000000 time_us=625000 energy_uj=41250
PQC_LOG node=5 hop=1 topo=star payload=100 algo=DILITHIUM3 type=SIG op=DECAP_VERIFY cycles=3700000 time_us=115625 energy_uj=7631
PQC_LOG node=6 hop=1 topo=star payload=100 algo=FALCON1024 type=SIG op=DECAP_VERIFY cycles=1300000 time_us=40625 energy_uj=2681
PQC_LOG node=2 hop=1 topo=star payload=100 algo=FALCON512 type=SIG op=DECAP_VERIFY cycles=700000 time_us=21875 energy_uj=1443
PQC_LOG node=8 hop=1 topo=star payload=100 algo=DILITHIUM5 type=SIG op=ENCAP_SIGN cycles=11000000 time_us=343750 energy_uj=22687
PQC_LOG node=3 hop=1 topo=star payload=100 algo=FALCON1024 type=SIG op=ENCAP_SIGN cycles=5800000 time_us=181250 energy_uj=11962
PQC_LOG node=7 hop=1 topo=star payload=100 algo=SPHINCS128 type=SIG op=KEYGEN cycles=9000000 time_us=281250 energy_uj=18562
PQC_LOG node=4 hop=1 topo=star payload=100 algo=DILITHIUM5 type=SIG op=KEYGEN cycles=5000000 time_us=156250 energy_uj=10312
PQC_LOG node=9 hop=1 topo=star payload=100 algo=FALCON1024 type=SIG op=ENCAP_SIGN cycles=5800000 time_us=181250 energy_uj=11962
PQC_LOG node=5 hop=1 topo=star payload=100 algo=DILITHIUM5 type=SIG op=KEYGEN cycles=5000000 time_us=156250 energy_uj=10312
PQC_LOG node=6 hop=1 topo=star payload=100 algo=SPHINCS128 type=SIG op=KEYGEN cycles=9000000 time_us=281250 energy_uj=18562
PQC_LOG node=2 hop=1 topo=star payload=100 algo=FALCON1024 type=SIG op=KEYGEN cycles=20000000 time_us=625000 energy_uj=41250
PQC_LOG node=8 hop=1 topo=star payload=100 algo=DILITHIUM5 type=SIG op=DECAP_VERIFY cycles=5300000 time_us=165625 energy_uj=10931
PQC_LOG node=3 hop=1 topo=star payload=100 algo=FALCON1024 type=SIG op=DECAP_VERIFY cycles=1300000 time_us=40625 energy_uj=2681
PQC_LOG node=7 hop=1 topo=star payload=100 algo=SPHINCS128 type=SIG op=ENCAP_SIGN cycles=200000000 time_us=6250000 energy_uj=412500
PQC_LOG node=4 hop=1 topo=star payload=100 algo=DILITHIUM5 type=SIG op=ENCAP_SIGN cycles=11000000 time_us=343750 energy_uj=22687
PQC_LOG node=9 hop=1 topo=star payload=100 algo=FALCON1024 type=SIG op=DECAP_VERIFY cycles=1300000 time_us=40625 energy_uj=2681
PQC_LOG node=5 hop=1 topo=star payload=100 algo=DILITHIUM5 type=SIG op=ENCAP_SIGN cycles=11000000 time_us=343750 energy_uj=22687
PQC_LOG node=6 hop=1 topo=star payload=100 algo=SPHINCS128 type=SIG op=ENCAP_SIGN cycles=200000000 time_us=6250000 energy_uj=412500
PQC_LOG node=2 hop=1 topo=star payload=100 algo=FALCON1024 type=SIG op=ENCAP_SIGN cycles=5800000 time_us=181250 energy_uj=11962
PQC_LOG node=8 hop=1 topo=star payload=100 algo=FALCON512 type=SIG op=KEYGEN cycles=10000000 time_us=312500 energy_uj=20625
PQC_LOG node=3 hop=1 topo=star payload=100 algo=SPHINCS128 type=SIG op=KEYGEN cycles=9000000 time_us=281250 energy_uj=18562
PQC_LOG node=7 hop=1 topo=star payload=100 algo=SPHINCS128 type=SIG op=DECAP_VERIFY cycles=8000000 time_us=250000 energy_uj=16500
PQC_LOG node=4 hop=1 topo=star payload=100 algo=DILITHIUM5 type=SIG op=DECAP_VERIFY cycles=5300000 time_us=165625 energy_uj=10931
PQC_LOG node=9 hop=1 topo=star payload=100 algo=SPHINCS128 type=SIG op=KEYGEN cycles=9000000 time_us=281250 energy_uj=18562
PQC_LOG node=5 hop=1 topo=star payload=100 algo=DILITHIUM5 type=SIG op=DECAP_VERIFY cycles=5300000 time_us=165625 energy_uj=10931
PQC_LOG node=6 hop=1 topo=star payload=100 algo=SPHINCS128 type=SIG op=DECAP_VERIFY cycles=8000000 time_us=250000 energy_uj=16500
PQC_LOG node=2 hop=1 topo=star payload=100 algo=FALCON1024 type=SIG op=DECAP_VERIFY cycles=1300000 time_us=40625 energy_uj=2681
PQC_LOG node=8 hop=1 topo=star payload=100 algo=FALCON512 type=SIG op=ENCAP_SIGN cycles=3000000 time_us=93750 energy_uj=6187
PQC_LOG node=3 hop=1 topo=star payload=100 algo=SPHINCS128 type=SIG op=ENCAP_SIGN cycles=200000000 time_us=6250000 energy_uj=412500
PQC_LOG node=7 hop=1 topo=star payload=100 algo=SPHINCS192 type=SIG op=KEYGEN cycles=17000000 time_us=531250 energy_uj=35062
PQC_LOG node=4 hop=1 topo=star payload=100 algo=FALCON512 type=SIG op=KEYGEN cycles=10000000 time_us=312500 energy_uj=20625
PQC_LOG node=9 hop=1 topo=star payload=100 algo=SPHINCS128 type=SIG op=ENCAP_SIGN cycles=200000000 time_us=6250000 energy_uj=412500
PQC_LOG node=5 hop=1 topo=star payload=100 algo=FALCON512 type=SIG op=KEYGEN cycles=10000000 time_us=312500 energy_uj=20625
PQC_LOG node=6 hop=1 topo=star payload=100 algo=SPHINCS192 type=SIG op=KEYGEN cycles=17000000 time_us=531250 energy_uj=35062
PQC_LOG node=2 hop=1 topo=star payload=100 algo=SPHINCS128 type=SIG op=KEYGEN cycles=9000000 time_us=281250 energy_uj=18562
PQC_LOG node=8 hop=1 topo=star payload=100 algo=FALCON512 type=SIG op=DECAP_VERIFY cycles=700000 time_us=21875 energy_uj=1443
PQC_LOG node=3 hop=1 topo=star payload=100 algo=SPHINCS128 type=SIG op=DECAP_VERIFY cycles=8000000 time_us=250000 energy_uj=16500
PQC_LOG node=7 hop=1 topo=star payload=100 algo=SPHINCS192 type=SIG op=ENCAP_SIGN cycles=370000000 time_us=11562500 energy_uj=763125
PQC_LOG node=4 hop=1 topo=star payload=100 algo=FALCON512 type=SIG op=ENCAP_SIGN cycles=3000000 time_us=93750 energy_uj=6187
PQC_LOG node=9 hop=1 topo=star payload=100 algo=SPHINCS128 type=SIG op=DECAP_VERIFY cycles=8000000 time_us=250000 energy_uj=16500
PQC_LOG node=5 hop=1 topo=star payload=100 algo=FALCON512 type=SIG op=ENCAP_SIGN cycles=3000000 time_us=93750 energy_uj=6187
PQC_LOG node=6 hop=1 topo=star payload=100 algo=SPHINCS192 type=SIG op=ENCAP_SIGN cycles=370000000 time_us=11562500 energy_uj=763125
PQC_LOG node=2 hop=1 topo=star payload=100 algo=SPHINCS128 type=SIG op=ENCAP_SIGN cycles=200000000 time_us=6250000 energy_uj=412500
PQC_LOG node=8 hop=1 topo=star payload=100 algo=FALCON1024 type=SIG op=KEYGEN cycles=20000000 time_us=625000 energy_uj=41250
PQC_LOG node=3 hop=1 topo=star payload=100 algo=SPHINCS192 type=SIG op=KEYGEN cycles=17000000 time_us=531250 energy_uj=35062
PQC_LOG node=7 hop=1 topo=star payload=100 algo=SPHINCS192 type=SIG op=DECAP_VERIFY cycles=15000000 time_us=468750 energy_uj=30937
PQC_LOG node=4 hop=1 topo=star payload=100 algo=FALCON512 type=SIG op=DECAP_VERIFY cycles=700000 time_us=21875 energy_uj=1443
PQC_LOG node=9 hop=1 topo=star payload=100 algo=SPHINCS192 type=SIG op=KEYGEN cycles=17000000 time_us=531250 energy_uj=35062
PQC_LOG node=5 hop=1 topo=star payload=100 algo=FALCON512 type=SIG op=DECAP_VERIFY cycles=700000 time_us=21875 energy_uj=1443
PQC_LOG node=6 hop=1 topo=star payload=100 algo=SPHINCS192 type=SIG op=DECAP_VERIFY cycles=15000000 time_us=468750 energy_uj=30937
PQC_LOG node=2 hop=1 topo=star payload=100 algo=SPHINCS128 type=SIG op=DECAP_VERIFY cycles=8000000 time_us=250000 energy_uj=16500
PQC_LOG node=8 hop=1 topo=star payload=100 algo=FALCON1024 type=SIG op=ENCAP_SIGN cycles=5800000 time_us=181250 energy_uj=11962
PQC_LOG node=3 hop=1 topo=star payload=100 algo=SPHINCS192 type=SIG op=ENCAP_SIGN cycles=370000000 time_us=11562500 energy_uj=763125
PQC_LOG node=7 hop=1 topo=star payload=100 algo=SPHINCS256 type=SIG op=KEYGEN cycles=24000000 time_us=750000 energy_uj=49500
PQC_LOG node=4 hop=1 topo=star payload=100 algo=FALCON1024 type=SIG op=KEYGEN cycles=20000000 time_us=625000 energy_uj=41250
PQC_LOG node=9 hop=1 topo=star payload=100 algo=SPHINCS192 type=SIG op=ENCAP_SIGN cycles=370000000 time_us=11562500 energy_uj=763125
PQC_LOG node=5 hop=1 topo=star payload=100 algo=FALCON1024 type=SIG op=KEYGEN cycles=20000000 time_us=625000 energy_uj=41250
PQC_LOG node=6 hop=1 topo=star payload=100 algo=SPHINCS256 type=SIG op=KEYGEN cycles=24000000 time_us=750000 energy_uj=49500
PQC_LOG node=2 hop=1 topo=star payload=100 algo=SPHINCS192 type=SIG op=KEYGEN cycles=17000000 time_us=531250 energy_uj=35062
PQC_LOG node=8 hop=1 topo=star payload=100 algo=FALCON1024 type=SIG op=DECAP_VERIFY cycles=1300000 time_us=40625 energy_uj=2681
PQC_LOG node=3 hop=1 topo=star payload=100 algo=SPHINCS192 type=SIG op=DECAP_VERIFY cycles=15000000 time_us=468750 energy_uj=30937
PQC_LOG node=7 hop=1 topo=star payload=100 algo=SPHINCS256 type=SIG op=ENCAP_SIGN cycles=540000000 time_us=16875000 energy_uj=1113750
PQC_LOG node=4 hop=1 topo=star payload=100 algo=FALCON1024 type=SIG op=ENCAP_SIGN cycles=5800000 time_us=181250 energy_uj=11962
PQC_LOG node=9 hop=1 topo=star payload=100 algo=SPHINCS192 type=SIG op=DECAP_VERIFY cycles=15000000 time_us=468750 energy_uj=30937
PQC_LOG node=5 hop=1 topo=star payload=100 algo=FALCON1024 type=SIG op=ENCAP_SIGN cycles=5800000 time_us=181250 energy_uj=11962
PQC_LOG node=6 hop=1 topo=star payload=100 algo=SPHINCS256 type=SIG op=ENCAP_SIGN cycles=540000000 time_us=16875000 energy_uj=1113750
PQC_LOG node=2 hop=1 topo=star payload=100 algo=SPHINCS192 type=SIG op=ENCAP_SIGN cycles=370000000 time_us=11562500 energy_uj=763125
PQC_LOG node=8 hop=1 topo=star payload=100 algo=SPHINCS128 type=SIG op=KEYGEN cycles=9000000 time_us=281250 energy_uj=18562
PQC_LOG node=3 hop=1 topo=star payload=100 algo=SPHINCS256 type=SIG op=KEYGEN cycles=24000000 time_us=750000 energy_uj=49500
PQC_LOG node=7 hop=1 topo=star payload=100 algo=SPHINCS256 type=SIG op=DECAP_VERIFY cycles=22000000 time_us=687500 energy_uj=45375
PQC_LOG node=4 hop=1 topo=star payload=100 algo=FALCON1024 type=SIG op=DECAP_VERIFY cycles=1300000 time_us=40625 energy_uj=2681
PQC_LOG node=9 hop=1 topo=star payload=100 algo=SPHINCS256 type=SIG op=KEYGEN cycles=24000000 time_us=750000 energy_uj=49500
PQC_LOG node=5 hop=1 topo=star payload=100 algo=FALCON1024 type=SIG op=DECAP_VERIFY cycles=1300000 time_us=40625 energy_uj=2681
PQC_LOG node=6 hop=1 topo=star payload=100 algo=SPHINCS256 type=SIG op=DECAP_VERIFY cycles=22000000 time_us=687500 energy_uj=45375
PQC_LOG node=2 hop=1 topo=star payload=100 algo=SPHINCS192 type=SIG op=DECAP_VERIFY cycles=15000000 time_us=468750 energy_uj=30937
PQC_LOG node=8 hop=1 topo=star payload=100 algo=SPHINCS128 type=SIG op=ENCAP_SIGN cycles=200000000 time_us=6250000 energy_uj=412500
PQC_LOG node=3 hop=1 topo=star payload=100 algo=SPHINCS256 type=SIG op=ENCAP_SIGN cycles=540000000 time_us=16875000 energy_uj=1113750
PQC_LOG node=7 STATUS=DONE topo=star hop=1
PQC_LOG node=4 hop=1 topo=star payload=100 algo=SPHINCS128 type=SIG op=KEYGEN cycles=9000000 time_us=281250 energy_uj=18562
PQC_LOG node=9 hop=1 topo=star payload=100 algo=SPHINCS256 type=SIG op=ENCAP_SIGN cycles=540000000 time_us=16875000 energy_uj=1113750
PQC_LOG node=5 hop=1 topo=star payload=100 algo=SPHINCS128 type=SIG op=KEYGEN cycles=9000000 time_us=281250 energy_uj=18562
PQC_LOG node=6 STATUS=DONE topo=star hop=1
PQC_LOG node=2 hop=1 topo=star payload=100 algo=SPHINCS256 type=SIG op=KEYGEN cycles=24000000 time_us=750000 energy_uj=49500
PQC_LOG node=8 hop=1 topo=star payload=100 algo=SPHINCS128 type=SIG op=DECAP_VERIFY cycles=8000000 time_us=250000 energy_uj=16500
PQC_LOG node=3 hop=1 topo=star payload=100 algo=SPHINCS256 type=SIG op=DECAP_VERIFY cycles=22000000 time_us=687500 energy_uj=45375
PQC_LOG node=4 hop=1 topo=star payload=100 algo=SPHINCS128 type=SIG op=ENCAP_SIGN cycles=200000000 time_us=6250000 energy_uj=412500
PQC_LOG node=9 hop=1 topo=star payload=100 algo=SPHINCS256 type=SIG op=DECAP_VERIFY cycles=22000000 time_us=687500 energy_uj=45375
PQC_LOG node=5 hop=1 topo=star payload=100 algo=SPHINCS128 type=SIG op=ENCAP_SIGN cycles=200000000 time_us=6250000 energy_uj=412500
PQC_LOG node=2 hop=1 topo=star payload=100 algo=SPHINCS256 type=SIG op=ENCAP_SIGN cycles=540000000 time_us=16875000 energy_uj=1113750
PQC_LOG node=8 hop=1 topo=star payload=100 algo=SPHINCS192 type=SIG op=KEYGEN cycles=17000000 time_us=531250 energy_uj=35062
PQC_LOG node=3 STATUS=DONE topo=star hop=1
PQC_LOG node=4 hop=1 topo=star payload=100 algo=SPHINCS128 type=SIG op=DECAP_VERIFY cycles=8000000 time_us=250000 energy_uj=16500
PQC_LOG node=9 STATUS=DONE topo=star hop=1
PQC_LOG node=5 hop=1 topo=star payload=100 algo=SPHINCS128 type=SIG op=DECAP_VERIFY cycles=8000000 time_us=250000 energy_uj=16500
PQC_LOG node=2 hop=1 topo=star payload=100 algo=SPHINCS256 type=SIG op=DECAP_VERIFY cycles=22000000 time_us=687500 energy_uj=45375
PQC_LOG node=8 hop=1 topo=star payload=100 algo=SPHINCS192 type=SIG op=ENCAP_SIGN cycles=370000000 time_us=11562500 energy_uj=763125
PQC_LOG node=4 hop=1 topo=star payload=100 algo=SPHINCS192 type=SIG op=KEYGEN cycles=17000000 time_us=531250 energy_uj=35062
PQC_LOG node=5 hop=1 topo=star payload=100 algo=SPHINCS192 type=SIG op=KEYGEN cycles=17000000 time_us=531250 energy_uj=35062
PQC_LOG node=2 STATUS=DONE topo=star hop=1
PQC_LOG node=8 hop=1 topo=star payload=100 algo=SPHINCS192 type=SIG op=DECAP_VERIFY cycles=15000000 time_us=468750 energy_uj=30937
PQC_LOG node=4 hop=1 topo=star payload=100 algo=SPHINCS192 type=SIG op=ENCAP_SIGN cycles=370000000 time_us=11562500 energy_uj=763125
PQC_LOG node=5 hop=1 topo=star payload=100 algo=SPHINCS192 type=SIG op=ENCAP_SIGN cycles=370000000 time_us=11562500 energy_uj=763125
PQC_LOG node=8 hop=1 topo=star payload=100 algo=SPHINCS256 type=SIG op=KEYGEN cycles=24000000 time_us=750000 energy_uj=49500
PQC_LOG node=4 hop=1 topo=star payload=100 algo=SPHINCS192 type=SIG op=DECAP_VERIFY cycles=15000000 time_us=468750 energy_uj=30937
PQC_LOG node=5 hop=1 topo=star payload=100 algo=SPHINCS192 type=SIG op=DECAP_VERIFY cycles=15000000 time_us=468750 energy_uj=30937
PQC_LOG node=8 hop=1 topo=star payload=100 algo=SPHINCS256 type=SIG op=ENCAP_SIGN cycles=540000000 time_us=16875000 energy_uj=1113750
PQC_LOG node=4 hop=1 topo=star payload=100 algo=SPHINCS256 type=SIG op=KEYGEN cycles=24000000 time_us=750000 energy_uj=49500
PQC_LOG node=5 hop=1 topo=star payload=100 algo=SPHINCS256 type=SIG op=KEYGEN cycles=24000000 time_us=750000 energy_uj=49500
PQC_LOG node=8 hop=1 topo=star payload=100 algo=SPHINCS256 type=SIG op=DECAP_VERIFY cycles=22000000 time_us=687500 energy_uj=45375
PQC_LOG node=4 hop=1 topo=star payload=100 algo=SPHINCS256 type=SIG op=ENCAP_SIGN cycles=540000000 time_us=16875000 energy_uj=1113750
PQC_LOG node=5 hop=1 topo=star payload=100 algo=SPHINCS256 type=SIG op=ENCAP_SIGN cycles=540000000 time_us=16875000 energy_uj=1113750
PQC_LOG node=8 STATUS=DONE topo=star hop=1
PQC_LOG node=4 hop=1 topo=star payload=100 algo=SPHINCS256 type=SIG op=DECAP_VERIFY cycles=22000000 time_us=687500 energy_uj=45375
PQC_LOG node=5 hop=1 topo=star payload=100 algo=SPHINCS256 type=SIG op=DECAP_VERIFY cycles=22000000 time_us=687500 energy_uj=45375
PQC_LOG node=4 STATUS=DONE topo=star hop=1
PQC_LOG node=5 STATUS=DONE topo=star hop=1
