warn: The se.py script is deprecated. It will be removed in future releases of  gem5.
Global frequency set at 1000000000000 ticks per second
warn: No dot file generated. Please install pydot to generate the dot file and pdf.
src/mem/dram_interface.cc:690: warn: DRAM device capacity (8192 Mbytes) does not match the address range assigned (512 Mbytes)
src/base/statistics.hh:279: warn: One of the stats is a legacy stat. Legacy stat is a stat that does not belong to any statistics::Group. Legacy stat is deprecated.
src/base/remote_gdb.cc:418: warn: Sockets disabled, not accepting gdb connections
gem5 Simulator System.  https://www.gem5.org
gem5 is copyrighted software; use the --copyright option for details.

gem5 version 25.1.0.1
gem5 compiled May 16 2026 00:00:11
gem5 started May 15 2026 23:03:10
gem5 executing on e80fb5e0889f, pid 1
command line: /gem5/build/ARM/gem5.opt /gem5/configs/deprecated/example/se.py --cpu-type=ArmTimingSimpleCPU -c /home/aalma/pqc_bench_arm

info: Standard input is not a terminal, disabling listeners.
**** REAL SIMULATION ****
src/sim/syscall_emul.cc:86: warn: ignoring syscall set_robust_list(...)
src/sim/syscall_emul.cc:86: warn: ignoring syscall sys_rseq(...)
src/sim/mem_state.cc:443: info: Increasing stack size by one page.
src/sim/syscall_emul.cc:86: warn: ignoring syscall mprotect(...)
src/sim/syscall_emul.cc:86: warn: ignoring syscall sys_statx(...)
src/sim/syscall_desc.hh:211: fatal: Syscall 403 out of range
Memory Usage: 710408 KBytes
