Fetching distribution (retrying 3 times, with an initial back off of 500 ms).
Downloading https://services.gradle.org/distributions/gradle-9.6.1-bin.zip
.............10%.............20%..............30%.............40%..............50%.............60%.............70%..............80%.............90%..............100%

Welcome to Gradle 9.6.1!

Here are the highlights of this release:
 - Improved Configuration Cache hit rates
 - Additional CLI rendering options
 - Important project hierarchy lookup deprecations

For more details see https://docs.gradle.org/9.6.1/release-notes.html

Starting a Gradle Daemon (subsequent builds will be faster)
> Task :compileJava UP-TO-DATE
> Task :processResources UP-TO-DATE
> Task :classes UP-TO-DATE

> Task :run
[32mINFO  [main] [Cooja.java:1147] - Loading /home/user/simulation/experiments/exp02_pqc_stubs/exp02.csc random seed: null[0;39m
> make COOJA_VIB_SENSOR=0 COOJA_BUTTON=0 COOJA_PIR_SENSOR=0 COOJA_LED=0 COOJA_CFS=0 COOJA_EEPROM=0 -j12 pqc-root-node.cooja TARGET=cooja
  LD        build/cooja/pqc-root-node.cooja
> make COOJA_VIB_SENSOR=0 COOJA_BUTTON=0 COOJA_PIR_SENSOR=0 COOJA_LED=0 COOJA_CFS=0 COOJA_EEPROM=0 -j12 pqc-stub-node.cooja TARGET=cooja
  LD        build/cooja/pqc-stub-node.cooja
[32mINFO  [main] [LogScriptEngine.java:231] - Script timeout in 180000 ms[0;39m
[32mINFO  [sim] [Simulation.java:450] - Runtime: 166 ms. Simulated time: 4349 ms. Speedup: 26.198795180722893[0;39m
[32mINFO  [main] [Cooja.java:1173] - TEST OK
[0;39m

BUILD SUCCESSFUL in 31s
3 actionable tasks: 1 executed, 2 up-to-date
