Downloading https://services.gradle.org/distributions/gradle-8.14.2-bin.zip
.............10%.............20%.............30%.............40%.............50%.............60%.............70%.............80%.............90%..............100%

Welcome to Gradle 8.14.2!

Here are the highlights of this release:
 - Java 24 support
 - GraalVM Native Image toolchain selection
 - Enhancements to test reporting
 - Build Authoring improvements

For more details see https://docs.gradle.org/8.14.2/release-notes.html

Starting a Gradle Daemon (subsequent builds will be faster)
> Task :compileJava UP-TO-DATE
> Task :processResources UP-TO-DATE
> Task :classes UP-TO-DATE

> Task :run FAILED
[32mINFO  [main] [Cooja.java:1145] - Loading /home/user/contiki-ng/examples/pqc-iot-sim/experiments/exp02_pqc_stubs/exp02.csc random seed: null[0;39m
[1;91mERROR [main] [Cooja.java:1152] - Failed to load simulation: Config not well-formed[0;39m
[1;91mERROR [main] [Cooja.java:1158] - TEST /home/user/contiki-ng/examples/pqc-iot-sim/experiments/exp02_pqc_stubs/exp02.csc FAILED
[0;39m
[1;91mERROR [main] [Cooja.java:1181] - Failed tests:
/home/user/contiki-ng/examples/pqc-iot-sim/experiments/exp02_pqc_stubs/exp02.csc seed: null[0;39m

FAILURE: Build failed with an exception.

* What went wrong:
Execution failed for task ':run'.
> Process 'command '/usr/local/bin/java'' finished with non-zero exit value 1

* Try:
> Run with --stacktrace option to get the stack trace.
> Run with --info or --debug option to get more log output.
> Run with --scan to get full insights.
> Get more help at https://help.gradle.org.

BUILD FAILED in 38s
3 actionable tasks: 1 executed, 2 up-to-date
