PQC_LOG node=7 STATUS=START topo=star hop=1
PQC_LOG node=6 STATUS=START topo=star hop=1
PQC_LOG node=7 hop=1 topo=star payload=100 algo=KYBER512 type=KEM op=KEYGEN cycles=649678 time_us=27069 energy_uj=1786
PQC_LOG node=6 hop=1 topo=star payload=100 algo=KYBER512 type=KEM op=KEYGEN cycles=649678 time_us=27069 energy_uj=1786
PQC_LOG node=3 STATUS=START topo=star hop=1
PQC_LOG node=7 hop=1 topo=star payload=100 algo=KYBER512 type=KEM op=ENCAP cycles=884848 time_us=36868 energy_uj=2433
PQC_LOG node=9 STATUS=START topo=star hop=1
PQC_LOG node=6 hop=1 topo=star payload=100 algo=KYBER512 type=KEM op=ENCAP cycles=884848 time_us=36868 energy_uj=2433
PQC_LOG node=3 hop=1 topo=star payload=100 algo=KYBER512 type=KEM op=KEYGEN cycles=649678 time_us=27069 energy_uj=1786
PQC_LOG node=7 hop=1 topo=star payload=100 algo=KYBER512 type=KEM op=DECAP cycles=985258 time_us=41052 energy_uj=2709
PQC_LOG node=9 hop=1 topo=star payload=100 algo=KYBER512 type=KEM op=KEYGEN cycles=649678 time_us=27069 energy_uj=1786
PQC_LOG node=6 hop=1 topo=star payload=100 algo=KYBER512 type=KEM op=DECAP cycles=985258 time_us=41052 energy_uj=2709
PQC_LOG node=2 STATUS=START topo=star hop=1
PQC_LOG node=3 hop=1 topo=star payload=100 algo=KYBER512 type=KEM op=ENCAP cycles=884848 time_us=36868 energy_uj=2433
PQC_LOG node=7 hop=1 topo=star payload=100 algo=KYBER768 type=KEM op=KEYGEN cycles=1196692 time_us=49862 energy_uj=3290
PQC_LOG root started
PQC_LOG node=9 hop=1 topo=star payload=100 algo=KYBER512 type=KEM op=ENCAP cycles=884848 time_us=36868 energy_uj=2433
PQC_LOG node=6 hop=1 topo=star payload=100 algo=KYBER768 type=KEM op=KEYGEN cycles=1196692 time_us=49862 energy_uj=3290
PQC_LOG node=2 hop=1 topo=star payload=100 algo=KYBER512 type=KEM op=KEYGEN cycles=649678 time_us=27069 energy_uj=1786
PQC_LOG node=3 hop=1 topo=star payload=100 algo=KYBER512 type=KEM op=DECAP cycles=985258 time_us=41052 energy_uj=2709
PQC_LOG node=7 hop=1 topo=star payload=100 algo=KYBER768 type=KEM op=ENCAP cycles=1489909 time_us=62079 energy_uj=4097
PQC_LOG node=9 hop=1 topo=star payload=100 algo=KYBER512 type=KEM op=DECAP cycles=985258 time_us=41052 energy_uj=2709
PQC_LOG node=6 hop=1 topo=star payload=100 algo=KYBER768 type=KEM op=ENCAP cycles=1489909 time_us=62079 energy_uj=4097
PQC_LOG node=2 hop=1 topo=star payload=100 algo=KYBER512 type=KEM op=ENCAP cycles=884848 time_us=36868 energy_uj=2433
PQC_LOG node=3 hop=1 topo=star payload=100 algo=KYBER768 type=KEM op=KEYGEN cycles=1196692 time_us=49862 energy_uj=3290
PQC_LOG node=7 hop=1 topo=star payload=100 algo=KYBER768 type=KEM op=DECAP cycles=1613744 time_us=67239 energy_uj=4437
PQC_LOG node=9 hop=1 topo=star payload=100 algo=KYBER768 type=KEM op=KEYGEN cycles=1196692 time_us=49862 energy_uj=3290
PQC_LOG node=6 hop=1 topo=star payload=100 algo=KYBER768 type=KEM op=DECAP cycles=1613744 time_us=67239 energy_uj=4437
PQC_LOG node=2 hop=1 topo=star payload=100 algo=KYBER512 type=KEM op=DECAP cycles=985258 time_us=41052 energy_uj=2709
PQC_LOG node=3 hop=1 topo=star payload=100 algo=KYBER768 type=KEM op=ENCAP cycles=1489909 time_us=62079 energy_uj=4097
PQC_LOG node=7 hop=1 topo=star payload=100 algo=KYBER1024 type=KEM op=KEYGEN cycles=1891737 time_us=78822 energy_uj=5202
PQC_LOG node=9 hop=1 topo=star payload=100 algo=KYBER768 type=KEM op=ENCAP cycles=1489909 time_us=62079 energy_uj=4097
PQC_LOG node=6 hop=1 topo=star payload=100 algo=KYBER1024 type=KEM op=KEYGEN cycles=1891737 time_us=78822 energy_uj=5202
PQC_LOG node=2 hop=1 topo=star payload=100 algo=KYBER768 type=KEM op=KEYGEN cycles=1196692 time_us=49862 energy_uj=3290
PQC_LOG node=8 STATUS=START topo=star hop=1
PQC_LOG node=3 hop=1 topo=star payload=100 algo=KYBER768 type=KEM op=DECAP cycles=1613744 time_us=67239 energy_uj=4437
PQC_LOG node=7 hop=1 topo=star payload=100 algo=KYBER1024 type=KEM op=ENCAP cycles=2254703 time_us=93945 energy_uj=6200
PQC_LOG node=9 hop=1 topo=star payload=100 algo=KYBER768 type=KEM op=DECAP cycles=1613744 time_us=67239 energy_uj=4437
PQC_LOG node=6 hop=1 topo=star payload=100 algo=KYBER1024 type=KEM op=ENCAP cycles=2254703 time_us=93945 energy_uj=6200
PQC_LOG node=2 hop=1 topo=star payload=100 algo=KYBER768 type=KEM op=ENCAP cycles=1489909 time_us=62079 energy_uj=4097
PQC_LOG node=8 hop=1 topo=star payload=100 algo=KYBER512 type=KEM op=KEYGEN cycles=649678 time_us=27069 energy_uj=1786
PQC_LOG node=3 hop=1 topo=star payload=100 algo=KYBER1024 type=KEM op=KEYGEN cycles=1891737 time_us=78822 energy_uj=5202
PQC_LOG node=7 hop=1 topo=star payload=100 algo=KYBER1024 type=KEM op=DECAP cycles=2407858 time_us=100327 energy_uj=6621
PQC_LOG node=4 STATUS=START topo=star hop=1
PQC_LOG node=9 hop=1 topo=star payload=100 algo=KYBER1024 type=KEM op=KEYGEN cycles=1891737 time_us=78822 energy_uj=5202
PQC_LOG node=5 STATUS=START topo=star hop=1
PQC_LOG node=6 hop=1 topo=star payload=100 algo=KYBER1024 type=KEM op=DECAP cycles=2407858 time_us=100327 energy_uj=6621
PQC_LOG node=2 hop=1 topo=star payload=100 algo=KYBER768 type=KEM op=DECAP cycles=1613744 time_us=67239 energy_uj=4437
PQC_LOG node=8 hop=1 topo=star payload=100 algo=KYBER512 type=KEM op=ENCAP cycles=884848 time_us=36868 energy_uj=2433
PQC_LOG node=3 hop=1 topo=star payload=100 algo=KYBER1024 type=KEM op=ENCAP cycles=2254703 time_us=93945 energy_uj=6200
PQC_LOG node=7 hop=1 topo=star payload=100 algo=DILITH2 type=SIG op=KEYGEN cycles=1752194 time_us=73008 energy_uj=4818
PQC_LOG node=4 hop=1 topo=star payload=100 algo=KYBER512 type=KEM op=KEYGEN cycles=649678 time_us=27069 energy_uj=1786
PQC_LOG node=9 hop=1 topo=star payload=100 algo=KYBER1024 type=KEM op=ENCAP cycles=2254703 time_us=93945 energy_uj=6200
PQC_LOG node=5 hop=1 topo=star payload=100 algo=KYBER512 type=KEM op=KEYGEN cycles=649678 time_us=27069 energy_uj=1786
PQC_LOG node=6 hop=1 topo=star payload=100 algo=DILITH2 type=SIG op=KEYGEN cycles=1752194 time_us=73008 energy_uj=4818
PQC_LOG node=2 hop=1 topo=star payload=100 algo=KYBER1024 type=KEM op=KEYGEN cycles=1891737 time_us=78822 energy_uj=5202
PQC_LOG node=8 hop=1 topo=star payload=100 algo=KYBER512 type=KEM op=DECAP cycles=985258 time_us=41052 energy_uj=2709
PQC_LOG node=3 hop=1 topo=star payload=100 algo=KYBER1024 type=KEM op=DECAP cycles=2407858 time_us=100327 energy_uj=6621
PQC_LOG node=7 hop=1 topo=star payload=100 algo=DILITH2 type=SIG op=SIGN cycles=9342087 time_us=389253 energy_uj=25690
PQC_LOG node=4 hop=1 topo=star payload=100 algo=KYBER512 type=KEM op=ENCAP cycles=884848 time_us=36868 energy_uj=2433
PQC_LOG node=9 hop=1 topo=star payload=100 algo=KYBER1024 type=KEM op=DECAP cycles=2407858 time_us=100327 energy_uj=6621
PQC_LOG node=5 hop=1 topo=star payload=100 algo=KYBER512 type=KEM op=ENCAP cycles=884848 time_us=36868 energy_uj=2433
PQC_LOG node=6 hop=1 topo=star payload=100 algo=DILITH2 type=SIG op=SIGN cycles=9342087 time_us=389253 energy_uj=25690
PQC_LOG node=2 hop=1 topo=star payload=100 algo=KYBER1024 type=KEM op=ENCAP cycles=2254703 time_us=93945 energy_uj=6200
PQC_LOG node=8 hop=1 topo=star payload=100 algo=KYBER768 type=KEM op=KEYGEN cycles=1196692 time_us=49862 energy_uj=3290
PQC_LOG node=3 hop=1 topo=star payload=100 algo=DILITH2 type=SIG op=KEYGEN cycles=1752194 time_us=73008 energy_uj=4818
PQC_LOG node=7 hop=1 topo=star payload=100 algo=DILITH2 type=SIG op=VERIFY cycles=2035881 time_us=84828 energy_uj=5598
PQC_LOG node=4 hop=1 topo=star payload=100 algo=KYBER512 type=KEM op=DECAP cycles=985258 time_us=41052 energy_uj=2709
PQC_LOG node=9 hop=1 topo=star payload=100 algo=DILITH2 type=SIG op=KEYGEN cycles=1752194 time_us=73008 energy_uj=4818
PQC_LOG node=5 hop=1 topo=star payload=100 algo=KYBER512 type=KEM op=DECAP cycles=985258 time_us=41052 energy_uj=2709
PQC_LOG node=6 hop=1 topo=star payload=100 algo=DILITH2 type=SIG op=VERIFY cycles=2035881 time_us=84828 energy_uj=5598
PQC_LOG node=2 hop=1 topo=star payload=100 algo=KYBER1024 type=KEM op=DECAP cycles=2407858 time_us=100327 energy_uj=6621
PQC_LOG node=8 hop=1 topo=star payload=100 algo=KYBER768 type=KEM op=ENCAP cycles=1489909 time_us=62079 energy_uj=4097
PQC_LOG node=3 hop=1 topo=star payload=100 algo=DILITH2 type=SIG op=SIGN cycles=9342087 time_us=389253 energy_uj=25690
PQC_LOG node=7 hop=1 topo=star payload=100 algo=DILITH3 type=SIG op=KEYGEN cycles=2733423 time_us=113892 energy_uj=7516
PQC_LOG node=4 hop=1 topo=star payload=100 algo=KYBER768 type=KEM op=KEYGEN cycles=1196692 time_us=49862 energy_uj=3290
PQC_LOG node=9 hop=1 topo=star payload=100 algo=DILITH2 type=SIG op=SIGN cycles=9342087 time_us=389253 energy_uj=25690
PQC_LOG node=5 hop=1 topo=star payload=100 algo=KYBER768 type=KEM op=KEYGEN cycles=1196692 time_us=49862 energy_uj=3290
PQC_LOG node=6 hop=1 topo=star payload=100 algo=DILITH3 type=SIG op=KEYGEN cycles=2733423 time_us=113892 energy_uj=7516
PQC_LOG node=2 hop=1 topo=star payload=100 algo=DILITH2 type=SIG op=KEYGEN cycles=1752194 time_us=73008 energy_uj=4818
PQC_LOG node=8 hop=1 topo=star payload=100 algo=KYBER768 type=KEM op=DECAP cycles=1613744 time_us=67239 energy_uj=4437
PQC_LOG node=3 hop=1 topo=star payload=100 algo=DILITH2 type=SIG op=VERIFY cycles=2035881 time_us=84828 energy_uj=5598
PQC_LOG node=7 hop=1 topo=star payload=100 algo=DILITH3 type=SIG op=SIGN cycles=14885750 time_us=620239 energy_uj=40935
PQC_LOG node=4 hop=1 topo=star payload=100 algo=KYBER768 type=KEM op=ENCAP cycles=1489909 time_us=62079 energy_uj=4097
PQC_LOG node=9 hop=1 topo=star payload=100 algo=DILITH2 type=SIG op=VERIFY cycles=2035881 time_us=84828 energy_uj=5598
PQC_LOG node=5 hop=1 topo=star payload=100 algo=KYBER768 type=KEM op=ENCAP cycles=1489909 time_us=62079 energy_uj=4097
PQC_LOG node=6 hop=1 topo=star payload=100 algo=DILITH3 type=SIG op=SIGN cycles=14885750 time_us=620239 energy_uj=40935
PQC_LOG node=2 hop=1 topo=star payload=100 algo=DILITH2 type=SIG op=SIGN cycles=9342087 time_us=389253 energy_uj=25690
PQC_LOG node=8 hop=1 topo=star payload=100 algo=KYBER1024 type=KEM op=KEYGEN cycles=1891737 time_us=78822 energy_uj=5202
PQC_LOG node=3 hop=1 topo=star payload=100 algo=DILITH3 type=SIG op=KEYGEN cycles=2733423 time_us=113892 energy_uj=7516
PQC_LOG node=7 hop=1 topo=star payload=100 algo=DILITH3 type=SIG op=VERIFY cycles=2946998 time_us=122791 energy_uj=8104
PQC_LOG node=4 hop=1 topo=star payload=100 algo=KYBER768 type=KEM op=DECAP cycles=1613744 time_us=67239 energy_uj=4437
PQC_LOG node=9 hop=1 topo=star payload=100 algo=DILITH3 type=SIG op=KEYGEN cycles=2733423 time_us=113892 energy_uj=7516
PQC_LOG node=5 hop=1 topo=star payload=100 algo=KYBER768 type=KEM op=DECAP cycles=1613744 time_us=67239 energy_uj=4437
PQC_LOG node=6 hop=1 topo=star payload=100 algo=DILITH3 type=SIG op=VERIFY cycles=2946998 time_us=122791 energy_uj=8104
PQC_LOG node=2 hop=1 topo=star payload=100 algo=DILITH2 type=SIG op=VERIFY cycles=2035881 time_us=84828 energy_uj=5598
PQC_LOG node=8 hop=1 topo=star payload=100 algo=KYBER1024 type=KEM op=ENCAP cycles=2254703 time_us=93945 energy_uj=6200
PQC_LOG node=3 hop=1 topo=star payload=100 algo=DILITH3 type=SIG op=SIGN cycles=14885750 time_us=620239 energy_uj=40935
PQC_LOG node=7 hop=1 topo=star payload=100 algo=DILITH5 type=SIG op=KEYGEN cycles=3647486 time_us=151978 energy_uj=10030
PQC_LOG node=4 hop=1 topo=star payload=100 algo=KYBER1024 type=KEM op=KEYGEN cycles=1891737 time_us=78822 energy_uj=5202
PQC_LOG node=9 hop=1 topo=star payload=100 algo=DILITH3 type=SIG op=SIGN cycles=14885750 time_us=620239 energy_uj=40935
PQC_LOG node=5 hop=1 topo=star payload=100 algo=KYBER1024 type=KEM op=KEYGEN cycles=1891737 time_us=78822 energy_uj=5202
PQC_LOG node=6 hop=1 topo=star payload=100 algo=DILITH5 type=SIG op=KEYGEN cycles=3647486 time_us=151978 energy_uj=10030
PQC_LOG node=2 hop=1 topo=star payload=100 algo=DILITH3 type=SIG op=KEYGEN cycles=2733423 time_us=113892 energy_uj=7516
PQC_LOG node=8 hop=1 topo=star payload=100 algo=KYBER1024 type=KEM op=DECAP cycles=2407858 time_us=100327 energy_uj=6621
PQC_LOG node=3 hop=1 topo=star payload=100 algo=DILITH3 type=SIG op=VERIFY cycles=2946998 time_us=122791 energy_uj=8104
PQC_LOG node=7 hop=1 topo=star payload=100 algo=DILITH5 type=SIG op=SIGN cycles=13615651 time_us=567318 energy_uj=37442
PQC_LOG node=4 hop=1 topo=star payload=100 algo=KYBER1024 type=KEM op=ENCAP cycles=2254703 time_us=93945 energy_uj=6200
PQC_LOG node=9 hop=1 topo=star payload=100 algo=DILITH3 type=SIG op=VERIFY cycles=2946998 time_us=122791 energy_uj=8104
PQC_LOG node=5 hop=1 topo=star payload=100 algo=KYBER1024 type=KEM op=ENCAP cycles=2254703 time_us=93945 energy_uj=6200
PQC_LOG node=6 hop=1 topo=star payload=100 algo=DILITH5 type=SIG op=SIGN cycles=13615651 time_us=567318 energy_uj=37442
PQC_LOG node=2 hop=1 topo=star payload=100 algo=DILITH3 type=SIG op=SIGN cycles=14885750 time_us=620239 energy_uj=40935
PQC_LOG node=8 hop=1 topo=star payload=100 algo=DILITH2 type=SIG op=KEYGEN cycles=1752194 time_us=73008 energy_uj=4818
PQC_LOG node=3 hop=1 topo=star payload=100 algo=DILITH5 type=SIG op=KEYGEN cycles=3647486 time_us=151978 energy_uj=10030
PQC_LOG node=7 hop=1 topo=star payload=100 algo=DILITH5 type=SIG op=VERIFY cycles=4035259 time_us=168135 energy_uj=11096
PQC_LOG node=4 hop=1 topo=star payload=100 algo=KYBER1024 type=KEM op=DECAP cycles=2407858 time_us=100327 energy_uj=6621
PQC_LOG node=9 hop=1 topo=star payload=100 algo=DILITH5 type=SIG op=KEYGEN cycles=3647486 time_us=151978 energy_uj=10030
PQC_LOG node=5 hop=1 topo=star payload=100 algo=KYBER1024 type=KEM op=DECAP cycles=2407858 time_us=100327 energy_uj=6621
PQC_LOG node=6 hop=1 topo=star payload=100 algo=DILITH5 type=SIG op=VERIFY cycles=4035259 time_us=168135 energy_uj=11096
PQC_LOG node=2 hop=1 topo=star payload=100 algo=DILITH3 type=SIG op=VERIFY cycles=2946998 time_us=122791 energy_uj=8104
PQC_LOG node=8 hop=1 topo=star payload=100 algo=DILITH2 type=SIG op=SIGN cycles=9342087 time_us=389253 energy_uj=25690
PQC_LOG node=3 hop=1 topo=star payload=100 algo=DILITH5 type=SIG op=SIGN cycles=13615651 time_us=567318 energy_uj=37442
PQC_LOG node=7 hop=1 topo=star payload=100 algo=FALCON512 type=SIG op=KEYGEN cycles=229088624 time_us=9545359 energy_uj=629993
PQC_LOG node=4 hop=1 topo=star payload=100 algo=DILITH2 type=SIG op=KEYGEN cycles=1752194 time_us=73008 energy_uj=4818
PQC_LOG node=9 hop=1 topo=star payload=100 algo=DILITH5 type=SIG op=SIGN cycles=13615651 time_us=567318 energy_uj=37442
PQC_LOG node=5 hop=1 topo=star payload=100 algo=DILITH2 type=SIG op=KEYGEN cycles=1752194 time_us=73008 energy_uj=4818
PQC_LOG node=6 hop=1 topo=star payload=100 algo=FALCON512 type=SIG op=KEYGEN cycles=229088624 time_us=9545359 energy_uj=629993
PQC_LOG node=2 hop=1 topo=star payload=100 algo=DILITH5 type=SIG op=KEYGEN cycles=3647486 time_us=151978 energy_uj=10030
PQC_LOG node=8 hop=1 topo=star payload=100 algo=DILITH2 type=SIG op=VERIFY cycles=2035881 time_us=84828 energy_uj=5598
PQC_LOG node=3 hop=1 topo=star payload=100 algo=DILITH5 type=SIG op=VERIFY cycles=4035259 time_us=168135 energy_uj=11096
PQC_LOG node=7 hop=1 topo=star payload=100 algo=FALCON512 type=SIG op=SIGN cycles=62225400 time_us=2592725 energy_uj=171119
PQC_LOG node=4 hop=1 topo=star payload=100 algo=DILITH2 type=SIG op=SIGN cycles=9342087 time_us=389253 energy_uj=25690
PQC_LOG node=9 hop=1 topo=star payload=100 algo=DILITH5 type=SIG op=VERIFY cycles=4035259 time_us=168135 energy_uj=11096
PQC_LOG node=5 hop=1 topo=star payload=100 algo=DILITH2 type=SIG op=SIGN cycles=9342087 time_us=389253 energy_uj=25690
PQC_LOG node=6 hop=1 topo=star payload=100 algo=FALCON512 type=SIG op=SIGN cycles=62225400 time_us=2592725 energy_uj=171119
PQC_LOG node=2 hop=1 topo=star payload=100 algo=DILITH5 type=SIG op=SIGN cycles=13615651 time_us=567318 energy_uj=37442
PQC_LOG node=8 hop=1 topo=star payload=100 algo=DILITH3 type=SIG op=KEYGEN cycles=2733423 time_us=113892 energy_uj=7516
PQC_LOG node=3 hop=1 topo=star payload=100 algo=FALCON512 type=SIG op=KEYGEN cycles=229088624 time_us=9545359 energy_uj=629993
PQC_LOG node=7 hop=1 topo=star payload=100 algo=FALCON512 type=SIG op=VERIFY cycles=473964 time_us=19748 energy_uj=1303
PQC_LOG node=4 hop=1 topo=star payload=100 algo=DILITH2 type=SIG op=VERIFY cycles=2035881 time_us=84828 energy_uj=5598
PQC_LOG node=9 hop=1 topo=star payload=100 algo=FALCON512 type=SIG op=KEYGEN cycles=229088624 time_us=9545359 energy_uj=629993
PQC_LOG node=5 hop=1 topo=star payload=100 algo=DILITH2 type=SIG op=VERIFY cycles=2035881 time_us=84828 energy_uj=5598
PQC_LOG node=6 hop=1 topo=star payload=100 algo=FALCON512 type=SIG op=VERIFY cycles=473964 time_us=19748 energy_uj=1303
PQC_LOG node=2 hop=1 topo=star payload=100 algo=DILITH5 type=SIG op=VERIFY cycles=4035259 time_us=168135 energy_uj=11096
PQC_LOG node=8 hop=1 topo=star payload=100 algo=DILITH3 type=SIG op=SIGN cycles=14885750 time_us=620239 energy_uj=40935
PQC_LOG node=3 hop=1 topo=star payload=100 algo=FALCON512 type=SIG op=SIGN cycles=62225400 time_us=2592725 energy_uj=171119
PQC_LOG node=7 hop=1 topo=star payload=100 algo=FALCON1024 type=SIG op=KEYGEN cycles=690147063 time_us=28756127 energy_uj=1897904
PQC_LOG node=4 hop=1 topo=star payload=100 algo=DILITH3 type=SIG op=KEYGEN cycles=2733423 time_us=113892 energy_uj=7516
PQC_LOG node=9 hop=1 topo=star payload=100 algo=FALCON512 type=SIG op=SIGN cycles=62225400 time_us=2592725 energy_uj=171119
PQC_LOG node=5 hop=1 topo=star payload=100 algo=DILITH3 type=SIG op=KEYGEN cycles=2733423 time_us=113892 energy_uj=7516
PQC_LOG node=6 hop=1 topo=star payload=100 algo=FALCON1024 type=SIG op=KEYGEN cycles=690147063 time_us=28756127 energy_uj=1897904
PQC_LOG node=2 hop=1 topo=star payload=100 algo=FALCON512 type=SIG op=KEYGEN cycles=229088624 time_us=9545359 energy_uj=629993
PQC_LOG node=8 hop=1 topo=star payload=100 algo=DILITH3 type=SIG op=VERIFY cycles=2946998 time_us=122791 energy_uj=8104
PQC_LOG node=3 hop=1 topo=star payload=100 algo=FALCON512 type=SIG op=VERIFY cycles=473964 time_us=19748 energy_uj=1303
PQC_LOG node=7 hop=1 topo=star payload=100 algo=FALCON1024 type=SIG op=SIGN cycles=136596407 time_us=5691516 energy_uj=375640
PQC_LOG node=4 hop=1 topo=star payload=100 algo=DILITH3 type=SIG op=SIGN cycles=14885750 time_us=620239 energy_uj=40935
PQC_LOG node=9 hop=1 topo=star payload=100 algo=FALCON512 type=SIG op=VERIFY cycles=473964 time_us=19748 energy_uj=1303
PQC_LOG node=5 hop=1 topo=star payload=100 algo=DILITH3 type=SIG op=SIGN cycles=14885750 time_us=620239 energy_uj=40935
PQC_LOG node=6 hop=1 topo=star payload=100 algo=FALCON1024 type=SIG op=SIGN cycles=136596407 time_us=5691516 energy_uj=375640
PQC_LOG node=2 hop=1 topo=star payload=100 algo=FALCON512 type=SIG op=SIGN cycles=62225400 time_us=2592725 energy_uj=171119
PQC_LOG node=8 hop=1 topo=star payload=100 algo=DILITH5 type=SIG op=KEYGEN cycles=3647486 time_us=151978 energy_uj=10030
PQC_LOG node=3 hop=1 topo=star payload=100 algo=FALCON1024 type=SIG op=KEYGEN cycles=690147063 time_us=28756127 energy_uj=1897904
PQC_LOG node=7 hop=1 topo=star payload=100 algo=FALCON1024 type=SIG op=VERIFY cycles=978558 time_us=40773 energy_uj=2691
PQC_LOG node=4 hop=1 topo=star payload=100 algo=DILITH3 type=SIG op=VERIFY cycles=2946998 time_us=122791 energy_uj=8104
PQC_LOG node=9 hop=1 topo=star payload=100 algo=FALCON1024 type=SIG op=KEYGEN cycles=690147063 time_us=28756127 energy_uj=1897904
PQC_LOG node=5 hop=1 topo=star payload=100 algo=DILITH3 type=SIG op=VERIFY cycles=2946998 time_us=122791 energy_uj=8104
PQC_LOG node=6 hop=1 topo=star payload=100 algo=FALCON1024 type=SIG op=VERIFY cycles=978558 time_us=40773 energy_uj=2691
PQC_LOG node=2 hop=1 topo=star payload=100 algo=FALCON512 type=SIG op=VERIFY cycles=473964 time_us=19748 energy_uj=1303
PQC_LOG node=8 hop=1 topo=star payload=100 algo=DILITH5 type=SIG op=SIGN cycles=13615651 time_us=567318 energy_uj=37442
PQC_LOG node=3 hop=1 topo=star payload=100 algo=FALCON1024 type=SIG op=SIGN cycles=136596407 time_us=5691516 energy_uj=375640
PQC_LOG node=7 hop=1 topo=star payload=100 algo=SPHINCS128 type=SIG op=KEYGEN cycles=16552135 time_us=689672 energy_uj=45518
PQC_LOG node=4 hop=1 topo=star payload=100 algo=DILITH5 type=SIG op=KEYGEN cycles=3647486 time_us=151978 energy_uj=10030
PQC_LOG node=9 hop=1 topo=star payload=100 algo=FALCON1024 type=SIG op=SIGN cycles=136596407 time_us=5691516 energy_uj=375640
PQC_LOG node=5 hop=1 topo=star payload=100 algo=DILITH5 type=SIG op=KEYGEN cycles=3647486 time_us=151978 energy_uj=10030
PQC_LOG node=6 hop=1 topo=star payload=100 algo=SPHINCS128 type=SIG op=KEYGEN cycles=16552135 time_us=689672 energy_uj=45518
PQC_LOG node=2 hop=1 topo=star payload=100 algo=FALCON1024 type=SIG op=KEYGEN cycles=690147063 time_us=28756127 energy_uj=1897904
PQC_LOG node=8 hop=1 topo=star payload=100 algo=DILITH5 type=SIG op=VERIFY cycles=4035259 time_us=168135 energy_uj=11096
PQC_LOG node=3 hop=1 topo=star payload=100 algo=FALCON1024 type=SIG op=VERIFY cycles=978558 time_us=40773 energy_uj=2691
PQC_LOG node=7 hop=1 topo=star payload=100 algo=SPHINCS128 type=SIG op=SIGN cycles=521963206 time_us=21748466 energy_uj=1435398
PQC_LOG node=4 hop=1 topo=star payload=100 algo=DILITH5 type=SIG op=SIGN cycles=13615651 time_us=567318 energy_uj=37442
PQC_LOG node=9 hop=1 topo=star payload=100 algo=FALCON1024 type=SIG op=VERIFY cycles=978558 time_us=40773 energy_uj=2691
PQC_LOG node=5 hop=1 topo=star payload=100 algo=DILITH5 type=SIG op=SIGN cycles=13615651 time_us=567318 energy_uj=37442
PQC_LOG node=6 hop=1 topo=star payload=100 algo=SPHINCS128 type=SIG op=SIGN cycles=521963206 time_us=21748466 energy_uj=1435398
PQC_LOG node=2 hop=1 topo=star payload=100 algo=FALCON1024 type=SIG op=SIGN cycles=136596407 time_us=5691516 energy_uj=375640
PQC_LOG node=8 hop=1 topo=star payload=100 algo=FALCON512 type=SIG op=KEYGEN cycles=229088624 time_us=9545359 energy_uj=629993
PQC_LOG node=3 hop=1 topo=star payload=100 algo=SPHINCS128 type=SIG op=KEYGEN cycles=16552135 time_us=689672 energy_uj=45518
PQC_LOG node=7 hop=1 topo=star payload=100 algo=SPHINCS128 type=SIG op=VERIFY cycles=20850719 time_us=868779 energy_uj=57339
PQC_LOG node=4 hop=1 topo=star payload=100 algo=DILITH5 type=SIG op=VERIFY cycles=4035259 time_us=168135 energy_uj=11096
PQC_LOG node=9 hop=1 topo=star payload=100 algo=SPHINCS128 type=SIG op=KEYGEN cycles=16552135 time_us=689672 energy_uj=45518
PQC_LOG node=5 hop=1 topo=star payload=100 algo=DILITH5 type=SIG op=VERIFY cycles=4035259 time_us=168135 energy_uj=11096
PQC_LOG node=6 hop=1 topo=star payload=100 algo=SPHINCS128 type=SIG op=VERIFY cycles=20850719 time_us=868779 energy_uj=57339
PQC_LOG node=2 hop=1 topo=star payload=100 algo=FALCON1024 type=SIG op=VERIFY cycles=978558 time_us=40773 energy_uj=2691
PQC_LOG node=8 hop=1 topo=star payload=100 algo=FALCON512 type=SIG op=SIGN cycles=62225400 time_us=2592725 energy_uj=171119
PQC_LOG node=3 hop=1 topo=star payload=100 algo=SPHINCS128 type=SIG op=SIGN cycles=521963206 time_us=21748466 energy_uj=1435398
PQC_LOG node=7 hop=1 topo=star payload=100 algo=SPHINCS192 type=SIG op=KEYGEN cycles=24355501 time_us=1014812 energy_uj=66977
PQC_LOG node=4 hop=1 topo=star payload=100 algo=FALCON512 type=SIG op=KEYGEN cycles=229088624 time_us=9545359 energy_uj=629993
PQC_LOG node=9 hop=1 topo=star payload=100 algo=SPHINCS128 type=SIG op=SIGN cycles=521963206 time_us=21748466 energy_uj=1435398
PQC_LOG node=5 hop=1 topo=star payload=100 algo=FALCON512 type=SIG op=KEYGEN cycles=229088624 time_us=9545359 energy_uj=629993
PQC_LOG node=6 hop=1 topo=star payload=100 algo=SPHINCS192 type=SIG op=KEYGEN cycles=24355501 time_us=1014812 energy_uj=66977
PQC_LOG node=2 hop=1 topo=star payload=100 algo=SPHINCS128 type=SIG op=KEYGEN cycles=16552135 time_us=689672 energy_uj=45518
PQC_LOG node=8 hop=1 topo=star payload=100 algo=FALCON512 type=SIG op=VERIFY cycles=473964 time_us=19748 energy_uj=1303
PQC_LOG node=3 hop=1 topo=star payload=100 algo=SPHINCS128 type=SIG op=VERIFY cycles=20850719 time_us=868779 energy_uj=57339
PQC_LOG node=7 hop=1 topo=star payload=100 algo=SPHINCS192 type=SIG op=SIGN cycles=687693467 time_us=28653894 energy_uj=1891157
PQC_LOG node=4 hop=1 topo=star payload=100 algo=FALCON512 type=SIG op=SIGN cycles=62225400 time_us=2592725 energy_uj=171119
PQC_LOG node=9 hop=1 topo=star payload=100 algo=SPHINCS128 type=SIG op=VERIFY cycles=20850719 time_us=868779 energy_uj=57339
PQC_LOG node=5 hop=1 topo=star payload=100 algo=FALCON512 type=SIG op=SIGN cycles=62225400 time_us=2592725 energy_uj=171119
PQC_LOG node=6 hop=1 topo=star payload=100 algo=SPHINCS192 type=SIG op=SIGN cycles=687693467 time_us=28653894 energy_uj=1891157
PQC_LOG node=2 hop=1 topo=star payload=100 algo=SPHINCS128 type=SIG op=SIGN cycles=521963206 time_us=21748466 energy_uj=1435398
PQC_LOG node=8 hop=1 topo=star payload=100 algo=FALCON1024 type=SIG op=KEYGEN cycles=690147063 time_us=28756127 energy_uj=1897904
PQC_LOG node=3 hop=1 topo=star payload=100 algo=SPHINCS192 type=SIG op=KEYGEN cycles=24355501 time_us=1014812 energy_uj=66977
PQC_LOG node=7 hop=1 topo=star payload=100 algo=SPHINCS192 type=SIG op=VERIFY cycles=35097457 time_us=1462394 energy_uj=96518
PQC_LOG node=4 hop=1 topo=star payload=100 algo=FALCON512 type=SIG op=VERIFY cycles=473964 time_us=19748 energy_uj=1303
PQC_LOG node=9 hop=1 topo=star payload=100 algo=SPHINCS192 type=SIG op=KEYGEN cycles=24355501 time_us=1014812 energy_uj=66977
PQC_LOG node=5 hop=1 topo=star payload=100 algo=FALCON512 type=SIG op=VERIFY cycles=473964 time_us=19748 energy_uj=1303
PQC_LOG node=6 hop=1 topo=star payload=100 algo=SPHINCS192 type=SIG op=VERIFY cycles=35097457 time_us=1462394 energy_uj=96518
PQC_LOG node=2 hop=1 topo=star payload=100 algo=SPHINCS128 type=SIG op=VERIFY cycles=20850719 time_us=868779 energy_uj=57339
PQC_LOG node=8 hop=1 topo=star payload=100 algo=FALCON1024 type=SIG op=SIGN cycles=136596407 time_us=5691516 energy_uj=375640
PQC_LOG node=3 hop=1 topo=star payload=100 algo=SPHINCS192 type=SIG op=SIGN cycles=687693467 time_us=28653894 energy_uj=1891157
PQC_LOG node=7 hop=1 topo=star payload=100 algo=SPHINCS256 type=SIG op=KEYGEN cycles=64184968 time_us=2674373 energy_uj=176508
PQC_LOG node=4 hop=1 topo=star payload=100 algo=FALCON1024 type=SIG op=KEYGEN cycles=690147063 time_us=28756127 energy_uj=1897904
PQC_LOG node=9 hop=1 topo=star payload=100 algo=SPHINCS192 type=SIG op=SIGN cycles=687693467 time_us=28653894 energy_uj=1891157
PQC_LOG node=5 hop=1 topo=star payload=100 algo=FALCON1024 type=SIG op=KEYGEN cycles=690147063 time_us=28756127 energy_uj=1897904
PQC_LOG node=6 hop=1 topo=star payload=100 algo=SPHINCS256 type=SIG op=KEYGEN cycles=64184968 time_us=2674373 energy_uj=176508
PQC_LOG node=2 hop=1 topo=star payload=100 algo=SPHINCS192 type=SIG op=KEYGEN cycles=24355501 time_us=1014812 energy_uj=66977
PQC_LOG node=8 hop=1 topo=star payload=100 algo=FALCON1024 type=SIG op=VERIFY cycles=978558 time_us=40773 energy_uj=2691
PQC_LOG node=3 hop=1 topo=star payload=100 algo=SPHINCS192 type=SIG op=VERIFY cycles=35097457 time_us=1462394 energy_uj=96518
PQC_LOG node=7 hop=1 topo=star payload=100 algo=SPHINCS256 type=SIG op=SIGN cycles=1554168401 time_us=64757016 energy_uj=4273963
PQC_LOG node=4 hop=1 topo=star payload=100 algo=FALCON1024 type=SIG op=SIGN cycles=136596407 time_us=5691516 energy_uj=375640
PQC_LOG node=9 hop=1 topo=star payload=100 algo=SPHINCS192 type=SIG op=VERIFY cycles=35097457 time_us=1462394 energy_uj=96518
PQC_LOG node=5 hop=1 topo=star payload=100 algo=FALCON1024 type=SIG op=SIGN cycles=136596407 time_us=5691516 energy_uj=375640
PQC_LOG node=6 hop=1 topo=star payload=100 algo=SPHINCS256 type=SIG op=SIGN cycles=1554168401 time_us=64757016 energy_uj=4273963
PQC_LOG node=2 hop=1 topo=star payload=100 algo=SPHINCS192 type=SIG op=SIGN cycles=687693467 time_us=28653894 energy_uj=1891157
PQC_LOG node=8 hop=1 topo=star payload=100 algo=SPHINCS128 type=SIG op=KEYGEN cycles=16552135 time_us=689672 energy_uj=45518
PQC_LOG node=3 hop=1 topo=star payload=100 algo=SPHINCS256 type=SIG op=KEYGEN cycles=64184968 time_us=2674373 energy_uj=176508
PQC_LOG node=7 hop=1 topo=star payload=100 algo=SPHINCS256 type=SIG op=VERIFY cycles=36182488 time_us=1507603 energy_uj=99501
PQC_LOG node=4 hop=1 topo=star payload=100 algo=FALCON1024 type=SIG op=VERIFY cycles=978558 time_us=40773 energy_uj=2691
PQC_LOG node=9 hop=1 topo=star payload=100 algo=SPHINCS256 type=SIG op=KEYGEN cycles=64184968 time_us=2674373 energy_uj=176508
PQC_LOG node=5 hop=1 topo=star payload=100 algo=FALCON1024 type=SIG op=VERIFY cycles=978558 time_us=40773 energy_uj=2691
PQC_LOG node=6 hop=1 topo=star payload=100 algo=SPHINCS256 type=SIG op=VERIFY cycles=36182488 time_us=1507603 energy_uj=99501
PQC_LOG node=2 hop=1 topo=star payload=100 algo=SPHINCS192 type=SIG op=VERIFY cycles=35097457 time_us=1462394 energy_uj=96518
PQC_LOG node=8 hop=1 topo=star payload=100 algo=SPHINCS128 type=SIG op=SIGN cycles=521963206 time_us=21748466 energy_uj=1435398
PQC_LOG node=3 hop=1 topo=star payload=100 algo=SPHINCS256 type=SIG op=SIGN cycles=1554168401 time_us=64757016 energy_uj=4273963
PQC_LOG node=7 STATUS=DONE topo=star hop=1
PQC_LOG node=4 hop=1 topo=star payload=100 algo=SPHINCS128 type=SIG op=KEYGEN cycles=16552135 time_us=689672 energy_uj=45518
PQC_LOG node=9 hop=1 topo=star payload=100 algo=SPHINCS256 type=SIG op=SIGN cycles=1554168401 time_us=64757016 energy_uj=4273963
PQC_LOG node=5 hop=1 topo=star payload=100 algo=SPHINCS128 type=SIG op=KEYGEN cycles=16552135 time_us=689672 energy_uj=45518
PQC_LOG node=6 STATUS=DONE topo=star hop=1
PQC_LOG node=2 hop=1 topo=star payload=100 algo=SPHINCS256 type=SIG op=KEYGEN cycles=64184968 time_us=2674373 energy_uj=176508
PQC_LOG node=8 hop=1 topo=star payload=100 algo=SPHINCS128 type=SIG op=VERIFY cycles=20850719 time_us=868779 energy_uj=57339
PQC_LOG node=3 hop=1 topo=star payload=100 algo=SPHINCS256 type=SIG op=VERIFY cycles=36182488 time_us=1507603 energy_uj=99501
PQC_LOG node=4 hop=1 topo=star payload=100 algo=SPHINCS128 type=SIG op=SIGN cycles=521963206 time_us=21748466 energy_uj=1435398
PQC_LOG node=9 hop=1 topo=star payload=100 algo=SPHINCS256 type=SIG op=VERIFY cycles=36182488 time_us=1507603 energy_uj=99501
PQC_LOG node=5 hop=1 topo=star payload=100 algo=SPHINCS128 type=SIG op=SIGN cycles=521963206 time_us=21748466 energy_uj=1435398
PQC_LOG node=2 hop=1 topo=star payload=100 algo=SPHINCS256 type=SIG op=SIGN cycles=1554168401 time_us=64757016 energy_uj=4273963
PQC_LOG node=8 hop=1 topo=star payload=100 algo=SPHINCS192 type=SIG op=KEYGEN cycles=24355501 time_us=1014812 energy_uj=66977
PQC_LOG node=3 STATUS=DONE topo=star hop=1
PQC_LOG node=4 hop=1 topo=star payload=100 algo=SPHINCS128 type=SIG op=VERIFY cycles=20850719 time_us=868779 energy_uj=57339
PQC_LOG node=9 STATUS=DONE topo=star hop=1
PQC_LOG node=5 hop=1 topo=star payload=100 algo=SPHINCS128 type=SIG op=VERIFY cycles=20850719 time_us=868779 energy_uj=57339
PQC_LOG node=2 hop=1 topo=star payload=100 algo=SPHINCS256 type=SIG op=VERIFY cycles=36182488 time_us=1507603 energy_uj=99501
PQC_LOG node=8 hop=1 topo=star payload=100 algo=SPHINCS192 type=SIG op=SIGN cycles=687693467 time_us=28653894 energy_uj=1891157
PQC_LOG node=4 hop=1 topo=star payload=100 algo=SPHINCS192 type=SIG op=KEYGEN cycles=24355501 time_us=1014812 energy_uj=66977
PQC_LOG node=5 hop=1 topo=star payload=100 algo=SPHINCS192 type=SIG op=KEYGEN cycles=24355501 time_us=1014812 energy_uj=66977
PQC_LOG node=2 STATUS=DONE topo=star hop=1
PQC_LOG node=8 hop=1 topo=star payload=100 algo=SPHINCS192 type=SIG op=VERIFY cycles=35097457 time_us=1462394 energy_uj=96518
PQC_LOG node=4 hop=1 topo=star payload=100 algo=SPHINCS192 type=SIG op=SIGN cycles=687693467 time_us=28653894 energy_uj=1891157
PQC_LOG node=5 hop=1 topo=star payload=100 algo=SPHINCS192 type=SIG op=SIGN cycles=687693467 time_us=28653894 energy_uj=1891157
PQC_LOG node=8 hop=1 topo=star payload=100 algo=SPHINCS256 type=SIG op=KEYGEN cycles=64184968 time_us=2674373 energy_uj=176508
PQC_LOG node=4 hop=1 topo=star payload=100 algo=SPHINCS192 type=SIG op=VERIFY cycles=35097457 time_us=1462394 energy_uj=96518
PQC_LOG node=5 hop=1 topo=star payload=100 algo=SPHINCS192 type=SIG op=VERIFY cycles=35097457 time_us=1462394 energy_uj=96518
PQC_LOG node=8 hop=1 topo=star payload=100 algo=SPHINCS256 type=SIG op=SIGN cycles=1554168401 time_us=64757016 energy_uj=4273963
PQC_LOG node=4 hop=1 topo=star payload=100 algo=SPHINCS256 type=SIG op=KEYGEN cycles=64184968 time_us=2674373 energy_uj=176508
PQC_LOG node=5 hop=1 topo=star payload=100 algo=SPHINCS256 type=SIG op=KEYGEN cycles=64184968 time_us=2674373 energy_uj=176508
PQC_LOG node=8 hop=1 topo=star payload=100 algo=SPHINCS256 type=SIG op=VERIFY cycles=36182488 time_us=1507603 energy_uj=99501
PQC_LOG node=4 hop=1 topo=star payload=100 algo=SPHINCS256 type=SIG op=SIGN cycles=1554168401 time_us=64757016 energy_uj=4273963
PQC_LOG node=5 hop=1 topo=star payload=100 algo=SPHINCS256 type=SIG op=SIGN cycles=1554168401 time_us=64757016 energy_uj=4273963
PQC_LOG node=8 STATUS=DONE topo=star hop=1
PQC_LOG node=4 hop=1 topo=star payload=100 algo=SPHINCS256 type=SIG op=VERIFY cycles=36182488 time_us=1507603 energy_uj=99501
PQC_LOG node=5 hop=1 topo=star payload=100 algo=SPHINCS256 type=SIG op=VERIFY cycles=36182488 time_us=1507603 energy_uj=99501
PQC_LOG node=4 STATUS=DONE topo=star hop=1
PQC_LOG node=5 STATUS=DONE topo=star hop=1
