Downloading https://services.gradle.org/distributions/gradle-8.14.2-bin.zip
.............10%.............20%.............30%.............40%.............50%.............60%.............70%.............80%.............90%..............100%

Welcome to Gradle 8.14.2!

Here are the highlights of this release:
 - Java 24 support
 - GraalVM Native Image toolchain selection
 - Enhancements to test reporting
 - Build Authoring improvements

For more details see https://docs.gradle.org/8.14.2/release-notes.html

Starting a Gradle Daemon (subsequent builds will be faster)
> Task :compileJava UP-TO-DATE
> Task :processResources UP-TO-DATE
> Task :classes UP-TO-DATE

> Task :run
[32mINFO  [main] [Cooja.java:1145] - Loading /home/user/contiki-ng/examples/pqc-iot-sim/experiments/exp04_mesh_topology/exp04.csc random seed: null[0;39m
> make COOJA_VIB_SENSOR=0 COOJA_BUTTON=0 COOJA_PIR_SENSOR=0 COOJA_LED=0 COOJA_CFS=0 COOJA_EEPROM=0 -j8 pqc-root-node.cooja TARGET=cooja
  LD        build/cooja/pqc-root-node.cooja
> make COOJA_VIB_SENSOR=0 COOJA_BUTTON=0 COOJA_PIR_SENSOR=0 COOJA_LED=0 COOJA_CFS=0 COOJA_EEPROM=0 -j8 pqc-stub-node.cooja TARGET=cooja
  LD        build/cooja/pqc-stub-node.cooja
[32mINFO  [main] [LogScriptEngine.java:231] - Script timeout in 300000 ms[0;39m
[32mINFO  [sim] [Simulation.java:450] - Runtime: 240 ms. Simulated time: 4370 ms. Speedup: 18.208333333333332[0;39m
[32mINFO  [main] [Cooja.java:1171] - TEST OK
[0;39m

BUILD SUCCESSFUL in 38s
3 actionable tasks: 1 executed, 2 up-to-date
