GEM5_BENCH_START
GEM5_RESULT algo=Kyber512 op=KEYGEN ns=50692
GEM5_BENCH_END
GEM5_BENCH_START
GEM5_RESULT algo=Kyber512 op=ENCAP ns=69952
GEM5_BENCH_END
GEM5_BENCH_START
GEM5_RESULT algo=Kyber512 op=DECAP ns=61658
GEM5_BENCH_END
GEM5_BENCH_START
GEM5_RESULT algo=Kyber768 op=KEYGEN ns=82102
GEM5_BENCH_END
GEM5_BENCH_START
GEM5_RESULT algo=Kyber768 op=ENCAP ns=111415
GEM5_BENCH_END
GEM5_BENCH_START
GEM5_RESULT algo=Kyber768 op=DECAP ns=99555
GEM5_BENCH_END
GEM5_BENCH_START
GEM5_RESULT algo=Kyber1024 op=KEYGEN ns=125543
GEM5_BENCH_END
GEM5_BENCH_START
GEM5_RESULT algo=Kyber1024 op=ENCAP ns=162944
GEM5_BENCH_END
GEM5_BENCH_START
GEM5_RESULT algo=Kyber1024 op=DECAP ns=149714
GEM5_BENCH_END
GEM5_BENCH_START
GEM5_RESULT algo=ML-KEM-512 op=KEYGEN ns=71152
GEM5_BENCH_END
GEM5_BENCH_START
GEM5_RESULT algo=ML-KEM-512 op=ENCAP ns=78109
GEM5_BENCH_END
GEM5_BENCH_START
GEM5_RESULT algo=ML-KEM-512 op=DECAP ns=94769
GEM5_BENCH_END
GEM5_BENCH_START
GEM5_RESULT algo=ML-KEM-768 op=KEYGEN ns=106290
GEM5_BENCH_END
GEM5_BENCH_START
GEM5_RESULT algo=ML-KEM-768 op=ENCAP ns=112327
GEM5_BENCH_END
GEM5_BENCH_START
GEM5_RESULT algo=ML-KEM-768 op=DECAP ns=136230
GEM5_BENCH_END
GEM5_BENCH_START
GEM5_RESULT algo=ML-KEM-1024 op=KEYGEN ns=161585
GEM5_BENCH_END
GEM5_BENCH_START
GEM5_RESULT algo=ML-KEM-1024 op=ENCAP ns=171806
GEM5_BENCH_END
GEM5_BENCH_START
GEM5_RESULT algo=ML-KEM-1024 op=DECAP ns=205277
GEM5_BENCH_END
GEM5_BENCH_START
GEM5_RESULT algo=ML-DSA-44 op=KEYGEN ns=259235
GEM5_BENCH_END
GEM5_BENCH_START
GEM5_RESULT algo=ML-DSA-44 op=SIGN ns=499660
GEM5_BENCH_END
GEM5_BENCH_START
GEM5_RESULT algo=ML-DSA-44 op=VERIFY ns=244727
GEM5_BENCH_END
GEM5_BENCH_START
GEM5_RESULT algo=ML-DSA-65 op=KEYGEN ns=451099
GEM5_BENCH_END
GEM5_BENCH_START
GEM5_RESULT algo=ML-DSA-65 op=SIGN ns=503079
GEM5_BENCH_END
GEM5_BENCH_START
GEM5_RESULT algo=ML-DSA-65 op=VERIFY ns=416519
GEM5_BENCH_END
GEM5_BENCH_START
GEM5_RESULT algo=ML-DSA-87 op=KEYGEN ns=774061
GEM5_BENCH_END
GEM5_BENCH_START
GEM5_RESULT algo=ML-DSA-87 op=SIGN ns=1008146
GEM5_BENCH_END
GEM5_BENCH_START
GEM5_RESULT algo=ML-DSA-87 op=VERIFY ns=726681
GEM5_BENCH_END
GEM5_BENCH_START
GEM5_RESULT algo=Falcon-512 op=KEYGEN ns=19542171
GEM5_BENCH_END
GEM5_BENCH_START
GEM5_RESULT algo=Falcon-512 op=SIGN ns=878024
GEM5_BENCH_END
GEM5_BENCH_START
GEM5_RESULT algo=Falcon-512 op=VERIFY ns=188329
GEM5_BENCH_END
GEM5_BENCH_START
GEM5_RESULT algo=Falcon-1024 op=KEYGEN ns=63149643
GEM5_BENCH_END
GEM5_BENCH_START
GEM5_RESULT algo=Falcon-1024 op=SIGN ns=1779266
GEM5_BENCH_END
GEM5_BENCH_START
GEM5_RESULT algo=Falcon-1024 op=VERIFY ns=365812
GEM5_BENCH_END
