GEM5_BENCH_START
GEM5_RESULT algo=Kyber512 op=KEYGEN ns=50692
GEM5_RESULT algo=Kyber512 op=ENCAP ns=69951
GEM5_RESULT algo=Kyber512 op=DECAP ns=61658
GEM5_RESULT algo=Kyber768 op=KEYGEN ns=81343
GEM5_RESULT algo=Kyber768 op=ENCAP ns=110934
GEM5_RESULT algo=Kyber768 op=DECAP ns=99074
GEM5_RESULT algo=Kyber1024 op=KEYGEN ns=128103
GEM5_RESULT algo=Kyber1024 op=ENCAP ns=165802
GEM5_RESULT algo=Kyber1024 op=DECAP ns=152574
GEM5_RESULT algo=ML-KEM-512 op=KEYGEN ns=63036
GEM5_RESULT algo=ML-KEM-512 op=ENCAP ns=70281
GEM5_RESULT algo=ML-KEM-512 op=DECAP ns=86964
GEM5_RESULT algo=ML-KEM-768 op=KEYGEN ns=105645
GEM5_RESULT algo=ML-KEM-768 op=ENCAP ns=112262
GEM5_RESULT algo=ML-KEM-768 op=DECAP ns=136180
GEM5_RESULT algo=ML-KEM-1024 op=KEYGEN ns=160995
GEM5_RESULT algo=ML-KEM-1024 op=ENCAP ns=171811
GEM5_RESULT algo=ML-KEM-1024 op=DECAP ns=205263
GEM5_RESULT algo=ML-DSA-44 op=KEYGEN ns=258497
GEM5_RESULT algo=ML-DSA-44 op=SIGN ns=499528
GEM5_RESULT algo=ML-DSA-44 op=VERIFY ns=244710
GEM5_RESULT algo=ML-DSA-65 op=KEYGEN ns=450357
GEM5_RESULT algo=ML-DSA-65 op=SIGN ns=1507805
GEM5_RESULT algo=ML-DSA-65 op=VERIFY ns=416552
GEM5_RESULT algo=ML-DSA-87 op=KEYGEN ns=773404
GEM5_RESULT algo=ML-DSA-87 op=SIGN ns=1018171
GEM5_RESULT algo=ML-DSA-87 op=VERIFY ns=726403
GEM5_RESULT algo=Falcon-512 op=KEYGEN ns=49015156
GEM5_RESULT algo=Falcon-512 op=SIGN ns=883977
GEM5_RESULT algo=Falcon-512 op=VERIFY ns=188357
GEM5_RESULT algo=Falcon-1024 op=KEYGEN ns=68491737
GEM5_RESULT algo=Falcon-1024 op=SIGN ns=1782742
GEM5_RESULT algo=Falcon-1024 op=VERIFY ns=366007
GEM5_BENCH_END
